
> nairobimart@0.1.0 build
> next build

  Γû▓ Next.js 14.2.35
  - Environments: .env.local, .env

   Creating an optimized production build ...
 Γ£ô Compiled successfully
   Linting and checking validity of types ...
   Collecting page data ...
   Generating static pages (0/44) ...
node.exe : Error fetching public products: B [Error]: Dynamic server usage: 
Route /api/products couldn't be rendered statically because it used 
`request.url`. See more info here: 
https://nextjs.org/docs/messages/dynamic-server-error
At line:1 char:1
+ & "C:\xampp\htdocs\FOOTBALL_HUB_PRO/node.exe" "C:\xampp\htdocs\FOOTBA ...
+ ~~~~~~~~~~~~~~~~~~~~~~~~~~~~~~~~~~~~~~~~~~~~~~~~~~~~~~~~~~~~~~~~~~~~~
    + CategoryInfo          : NotSpecified: (Error fetching ...ic-server-error 
   :String) [], RemoteException
    + FullyQualifiedErrorId : NativeCommandError
 
    at V (C:\PROJECTS\NairobiMart\node_modules\next\dist\compiled\next-server\a
pp-route.runtime.prod.js:6:21778)
    at Object.get (C:\PROJECTS\NairobiMart\node_modules\next\dist\compiled\next
-server\app-route.runtime.prod.js:6:29465)
    at c (C:\PROJECTS\NairobiMart\.next\server\app\api\products\route.js:1:604)
    at C:\PROJECTS\NairobiMart\node_modules\next\dist\compiled\next-server\app-
route.runtime.prod.js:6:38417
    at C:\PROJECTS\NairobiMart\node_modules\next\dist\server\lib\trace\tracer.j
s:140:36
    at NoopContextManager.with (C:\PROJECTS\NairobiMart\node_modules\next\dist\
compiled\@opentelemetry\api\index.js:1:7062)
    at ContextAPI.with (C:\PROJECTS\NairobiMart\node_modules\next\dist\compiled
\@opentelemetry\api\index.js:1:518)
    at NoopTracer.startActiveSpan (C:\PROJECTS\NairobiMart\node_modules\next\di
st\compiled\@opentelemetry\api\index.js:1:18093)
    at ProxyTracer.startActiveSpan (C:\PROJECTS\NairobiMart\node_modules\next\d
ist\compiled\@opentelemetry\api\index.js:1:18854)
    at C:\PROJECTS\NairobiMart\node_modules\next\dist\server\lib\trace\tracer.j
s:122:103 {
  description: "Route /api/products couldn't be rendered statically because it 
used `request.url`. See more info here: 
https://nextjs.org/docs/messages/dynamic-server-error",
  digest: 'DYNAMIC_SERVER_USAGE'
}
[ORDERS_GET] B [Error]: Dynamic server usage: Route /api/admin/orders couldn't 
be rendered statically because it used `request.url`. See more info here: 
https://nextjs.org/docs/messages/dynamic-server-error
    at V (C:\PROJECTS\NairobiMart\node_modules\next\dist\compiled\next-server\a
pp-route.runtime.prod.js:6:21778)
    at Object.get (C:\PROJECTS\NairobiMart\node_modules\next\dist\compiled\next
-server\app-route.runtime.prod.js:6:29465)
    at u 
(C:\PROJECTS\NairobiMart\.next\server\app\api\admin\orders\route.js:1:604)
    at C:\PROJECTS\NairobiMart\node_modules\next\dist\compiled\next-server\app-
route.runtime.prod.js:6:38417
    at C:\PROJECTS\NairobiMart\node_modules\next\dist\server\lib\trace\tracer.j
s:140:36
    at NoopContextManager.with (C:\PROJECTS\NairobiMart\node_modules\next\dist\
compiled\@opentelemetry\api\index.js:1:7062)
    at ContextAPI.with (C:\PROJECTS\NairobiMart\node_modules\next\dist\compiled
\@opentelemetry\api\index.js:1:518)
    at NoopTracer.startActiveSpan (C:\PROJECTS\NairobiMart\node_modules\next\di
st\compiled\@opentelemetry\api\index.js:1:18093)
    at ProxyTracer.startActiveSpan (C:\PROJECTS\NairobiMart\node_modules\next\d
ist\compiled\@opentelemetry\api\index.js:1:18854)
    at C:\PROJECTS\NairobiMart\node_modules\next\dist\server\lib\trace\tracer.j
s:122:103 {
  description: "Route /api/admin/orders couldn't be rendered statically 
because it used `request.url`. See more info here: 
https://nextjs.org/docs/messages/dynamic-server-error",
  digest: 'DYNAMIC_SERVER_USAGE'
}
[CUSTOMERS_GET] n [Error]: Dynamic server usage: Route /api/admin/customers 
couldn't be rendered statically because it used `headers`. See more info here: 
https://nextjs.org/docs/messages/dynamic-server-error
    at l (C:\PROJECTS\NairobiMart\.next\server\chunks\8948.js:1:37220)
    at d (C:\PROJECTS\NairobiMart\.next\server\chunks\2403.js:1:1508)
    at C:\PROJECTS\NairobiMart\.next\server\chunks\2403.js:404:60492
    at d 
(C:\PROJECTS\NairobiMart\.next\server\app\api\admin\customers\route.js:1:935)
    at C:\PROJECTS\NairobiMart\node_modules\next\dist\compiled\next-server\app-
route.runtime.prod.js:6:38417
    at C:\PROJECTS\NairobiMart\node_modules\next\dist\server\lib\trace\tracer.j
s:140:36
    at NoopContextManager.with (C:\PROJECTS\NairobiMart\node_modules\next\dist\
compiled\@opentelemetry\api\index.js:1:7062)
    at ContextAPI.with (C:\PROJECTS\NairobiMart\node_modules\next\dist\compiled
\@opentelemetry\api\index.js:1:518)
    at NoopTracer.startActiveSpan (C:\PROJECTS\NairobiMart\node_modules\next\di
st\compiled\@opentelemetry\api\index.js:1:18093)
    at ProxyTracer.startActiveSpan (C:\PROJECTS\NairobiMart\node_modules\next\d
ist\compiled\@opentelemetry\api\index.js:1:18854) {
  description: "Route /api/admin/customers couldn't be rendered statically 
because it used `headers`. See more info here: 
https://nextjs.org/docs/messages/dynamic-server-error",
  digest: 'DYNAMIC_SERVER_USAGE'
}
prisma:query db.Category.aggregate([ { $project: { _id: 1, name: 1, slug: 1, description: 1, imageUrl: 1, parentId: 1, isActive: 1, position: 1, createdAt: 1, updatedAt: 1, }, }, ])
Fetching CJ products... Keyword: electronics smart gadgets
prisma:query db.User.aggregate([ { $match: { $expr: { $and: [ { $and: [ { $and: [ { $eq: [ "$email", { $literal: "yaaclarence@gmail.com", }, ], }, { $ne: [ "$email", "$$REMOVE", ], }, ], }, ], }, { }, ], }, }, }, { $project: { _id: 1, }, }, ])
prisma:query db.User.updateMany({ _id: { $in: [ ObjectId("69f5b0d1d946469c0aedf0a7"), ], }, },[{ $set: { role: { $literal: "admin", }, }, },
{ $set: { updatedAt: { $literal: DateTime("2026-05-07 8:18:25.75 +00:00:00"), }, }, }])
prisma:query db.User.aggregate([ { $match: { $expr: { $and: [ { $and: [ { $eq: [ "$_id", { $literal: ObjectId("69f5b0d1d946469c0aedf0a7"), }, ], }, { $ne: [ "$_id", "$$REMOVE", ], }, ], }, ], }, }, }, { $project: { _id: 1, name: 1, email: 1, passwordHash: 1, phone: 1, role: 1, emailVerified: 1, image: 1, createdAt: 1, updatedAt: 1, }, }, ])
   Generating static pages (11/44) 
(node:20784) Warning: `--localstorage-file` was provided without a valid path
(Use `node --trace-warnings ...` to show where the warning was created)
(node:6120) Warning: `--localstorage-file` was provided without a valid path
(Use `node --trace-warnings ...` to show where the warning was created)
   Generating static pages (22/44) 
Fetching CJ products... Keyword: laptop computer Macbook gaming laptop
Fetching CJ products... Keyword: clothing fashion trend
prisma:query db.Order.aggregate([ { $match: { $expr: { $and: [ { $and: [ { $gte: [ "$createdAt", { $literal: DateTime("2026-04-30 21:00:00.0 +00:00:00"), }, ], }, { $ne: [ "$createdAt", "$$REMOVE", ], }, ], }, { $and: [ { $lte: [ "$createdAt", { $literal: DateTime("2026-05-31 20:59:59.999 +00:00:00"), }, ], }, { $ne: [ "$createdAt", "$$REMOVE", ], }, ], }, { $and: [ { $ne: [ "$status", { $literal: "cancelled", }, ], }, { $ne: [ "$status", "$$REMOVE", ], }, ], }, ], }, }, }, { $project: { _id: 1, orderNumber: 1, status: 1, subtotal: 1, shippingFee: 1, discount: 1, total: 1, paymentMethod: 1, paymentStatus: 1, mpesaTransactionId: 1, stripePaymentId: 1, shippingName: 1, shippingPhone: 1, shippingAddress: 1, shippingCity: 1, shippingCounty: 1, cjOrderId: 1, trackingNumber: 1, trackingUrl: 1, notes: 1, createdAt: 1, updatedAt: 1, userId: 1, }, }, ])
prisma:query db.Order.aggregate([ { $match: { $expr: { $and: [ { $and: [ { $gte: [ "$createdAt", { $literal: DateTime("2026-04-30 21:00:00.0 +00:00:00"), }, ], }, { $ne: [ "$createdAt", "$$REMOVE", ], }, ], }, { $and: [ { $lte: [ "$createdAt", { $literal: DateTime("2026-05-31 20:59:59.999 +00:00:00"), }, ], }, { $ne: [ "$createdAt", "$$REMOVE", ], }, ], }, { $and: [ { $ne: [ "$status", { $literal: "cancelled", }, ], }, { $ne: [ "$status", "$$REMOVE", ], }, ], }, ], }, }, }, { $project: { _id: 1, orderNumber: 1, status: 1, subtotal: 1, shippingFee: 1, discount: 1, total: 1, paymentMethod: 1, paymentStatus: 1, mpesaTransactionId: 1, stripePaymentId: 1, shippingName: 1, shippingPhone: 1, shippingAddress: 1, shippingCity: 1, shippingCounty: 1, cjOrderId: 1, trackingNumber: 1, trackingUrl: 1, notes: 1, createdAt: 1, updatedAt: 1, userId: 1, }, }, ])
prisma:query db.Order.aggregate([ { $match: { $expr: { $and: [ { $and: [ { $gte: [ "$createdAt", { $literal: DateTime("2026-03-31 21:00:00.0 +00:00:00"), }, ], }, { $ne: [ "$createdAt", "$$REMOVE", ], }, ], }, { $and: [ { $lte: [ "$createdAt", { $literal: DateTime("2026-04-30 20:59:59.999 +00:00:00"), }, ], }, { $ne: [ "$createdAt", "$$REMOVE", ], }, ], }, { $and: [ { $ne: [ "$status", { $literal: "cancelled", }, ], }, { $ne: [ "$status", "$$REMOVE", ], }, ], }, ], }, }, }, { $project: { _id: 1, orderNumber: 1, status: 1, subtotal: 1, shippingFee: 1, discount: 1, total: 1, paymentMethod: 1, paymentStatus: 1, mpesaTransactionId: 1, stripePaymentId: 1, shippingName: 1, shippingPhone: 1, shippingAddress: 1, shippingCity: 1, shippingCounty: 1, cjOrderId: 1, trackingNumber: 1, trackingUrl: 1, notes: 1, createdAt: 1, updatedAt: 1, userId: 1, }, }, ])
prisma:query db.Order.aggregate([ { $match: { $expr: { $and: [ { $and: [ { $gte: [ "$createdAt", { $literal: DateTime("2026-03-31 21:00:00.0 +00:00:00"), }, ], }, { $ne: [ "$createdAt", "$$REMOVE", ], }, ], }, { $and: [ { $lte: [ "$createdAt", { $literal: DateTime("2026-04-30 20:59:59.999 +00:00:00"), }, ], }, { $ne: [ "$createdAt", "$$REMOVE", ], }, ], }, { $and: [ { $ne: [ "$status", { $literal: "cancelled", }, ], }, { $ne: [ "$status", "$$REMOVE", ], }, ], }, ], }, }, }, { $project: { _id: 1, orderNumber: 1, status: 1, subtotal: 1, shippingFee: 1, discount: 1, total: 1, paymentMethod: 1, paymentStatus: 1, mpesaTransactionId: 1, stripePaymentId: 1, shippingName: 1, shippingPhone: 1, shippingAddress: 1, shippingCity: 1, shippingCounty: 1, cjOrderId: 1, trackingNumber: 1, trackingUrl: 1, notes: 1, createdAt: 1, updatedAt: 1, userId: 1, }, }, ])
prisma:query db.User.aggregate([ { $group: { _id: null, count_all: { $sum: 1, }, }, }, ])
prisma:query db.User.aggregate([ { $group: { _id: null, count_all: { $sum: 1, }, }, }, ])
prisma:query db.User.aggregate([ { $match: { $expr: { $and: [ { $gte: [ "$createdAt", { $literal: DateTime("2026-04-30 21:00:00.0 +00:00:00"), }, ], }, { $ne: [ "$createdAt", "$$REMOVE", ], }, ], }, }, }, { $group: { _id: null, count_all: { $sum: 1, }, }, }, ])
prisma:query db.User.aggregate([ { $match: { $expr: { $and: [ { $gte: [ "$createdAt", { $literal: DateTime("2026-04-30 21:00:00.0 +00:00:00"), }, ], }, { $ne: [ "$createdAt", "$$REMOVE", ], }, ], }, }, }, { $group: { _id: null, count_all: { $sum: 1, }, }, }, ])
prisma:query db.Banner.aggregate([ { $match: { $expr: { $and: [ { $eq: [ "$isActive", { $literal: true, }, ], }, { $ne: [ "$isActive", "$$REMOVE", ], }, ], }, }, }, { $sort: { position: 1, }, }, { $project: { _id: 1, title: 1, subtitle: 1, imageUrl: 1, linkUrl: 1, position: 1, isActive: 1, startsAt: 1, endsAt: 1, createdAt: 1, }, }, ])
prisma:query db.Banner.aggregate([ { $match: { $expr: { $and: [ { $eq: [ "$isActive", { $literal: true, }, ], }, { $ne: [ "$isActive", "$$REMOVE", ], }, ], }, }, }, { $sort: { position: 1, }, }, { $project: { _id: 1, title: 1, subtitle: 1, imageUrl: 1, linkUrl: 1, position: 1, isActive: 1, startsAt: 1, endsAt: 1, createdAt: 1, }, }, ])
prisma:query db.Category.aggregate([ { $match: { $expr: { $and: [ { $eq: [ "$isActive", { $literal: true, }, ], }, { $ne: [ "$isActive", "$$REMOVE", ], }, ], }, }, }, { $sort: { position: 1, }, }, { $limit: 6, }, { $project: { _id: 1, name: 1, slug: 1, description: 1, imageUrl: 1, parentId: 1, isActive: 1, position: 1, createdAt: 1, updatedAt: 1, }, }, ])
prisma:query db.Category.aggregate([ { $match: { $expr: { $and: [ { $eq: [ "$isActive", { $literal: true, }, ], }, { $ne: [ "$isActive", "$$REMOVE", ], }, ], }, }, }, { $sort: { position: 1, }, }, { $limit: 6, }, { $project: { _id: 1, name: 1, slug: 1, description: 1, imageUrl: 1, parentId: 1, isActive: 1, position: 1, createdAt: 1, updatedAt: 1, }, }, ])
prisma:query db.Product.aggregate([ { $match: { $expr: { $and: [ { $and: [ { $eq: [ "$isFeatured", { $literal: true, }, ], }, { $ne: [ "$isFeatured", "$$REMOVE", ], }, ], }, { $and: [ { $eq: [ "$isActive", { $literal: true, }, ], }, { $ne: [ "$isActive", "$$REMOVE", ], }, ], }, ], }, }, }, { $sort: { createdAt: -1, }, }, { $limit: 4, }, { $project: { _id: 1, name: 1, slug: 1, description: 1, price: 1, comparePrice: 1, costPrice: 1, stock: 1, sku: 1, cjProductId: 1, weight: 1, isActive: 1, isFeatured: 1, tags: 1, metaTitle: 1, metaDescription: 1, createdAt: 1, updatedAt: 1, categoryId: 1, }, }, ])
prisma:query db.Product.aggregate([ { $match: { $expr: { $and: [ { $and: [ { $eq: [ "$isFeatured", { $literal: true, }, ], }, { $ne: [ "$isFeatured", "$$REMOVE", ], }, ], }, { $and: [ { $eq: [ "$isActive", { $literal: true, }, ], }, { $ne: [ "$isActive", "$$REMOVE", ], }, ], }, ], }, }, }, { $sort: { createdAt: -1, }, }, { $limit: 4, }, { $project: { _id: 1, name: 1, slug: 1, description: 1, price: 1, comparePrice: 1, costPrice: 1, stock: 1, sku: 1, cjProductId: 1, weight: 1, isActive: 1, isFeatured: 1, tags: 1, metaTitle: 1, metaDescription: 1, createdAt: 1, updatedAt: 1, categoryId: 1, }, }, ])
prisma:query db.Product.aggregate([ { $match: { $expr: { $and: [ { $eq: [ "$isActive", { $literal: true, }, ], }, { $ne: [ "$isActive", "$$REMOVE", ], }, ], }, }, }, { $sort: { createdAt: -1, }, }, { $limit: 4, }, { $project: { _id: 1, name: 1, slug: 1, description: 1, price: 1, comparePrice: 1, costPrice: 1, stock: 1, sku: 1, cjProductId: 1, weight: 1, isActive: 1, isFeatured: 1, tags: 1, metaTitle: 1, metaDescription: 1, createdAt: 1, updatedAt: 1, categoryId: 1, }, }, ])
prisma:query db.Product.aggregate([ { $match: { $expr: { $and: [ { $eq: [ "$isActive", { $literal: true, }, ], }, { $ne: [ "$isActive", "$$REMOVE", ], }, ], }, }, }, { $sort: { createdAt: -1, }, }, { $limit: 4, }, { $project: { _id: 1, name: 1, slug: 1, description: 1, price: 1, comparePrice: 1, costPrice: 1, stock: 1, sku: 1, cjProductId: 1, weight: 1, isActive: 1, isFeatured: 1, tags: 1, metaTitle: 1, metaDescription: 1, createdAt: 1, updatedAt: 1, categoryId: 1, }, }, ])
prisma:query db.ProductImage.aggregate([ { $match: { $expr: { $and: [ { $or: [ { $eq: [ "$productId", { $literal: ObjectId("69fc4a737e810ba2927c14dd"), }, ], }, { $eq: [ "$productId", { $literal: ObjectId("69fc4a737e810ba2927c14db"), }, ], }, { $eq: [ "$productId", { $literal: ObjectId("69fc4a737e810ba2927c14d9"), }, ], }, { $eq: [ "$productId", { $literal: ObjectId("69fc4a737e810ba2927c14d7"), }, ], }, ], }, { $ne: [ "$productId", "$$REMOVE", ], }, ], }, }, }, { $project: { _id: 1, url: 1, altText: 1, position: 1, productId: 1, }, }, ])
prisma:query db.ProductImage.aggregate([ { $match: { $expr: { $and: [ { $or: [ { $eq: [ "$productId", { $literal: ObjectId("69fc4a737e810ba2927c14dd"), }, ], }, { $eq: [ "$productId", { $literal: ObjectId("69fc4a737e810ba2927c14db"), }, ], }, { $eq: [ "$productId", { $literal: ObjectId("69fc4a737e810ba2927c14d9"), }, ], }, { $eq: [ "$productId", { $literal: ObjectId("69fc4a737e810ba2927c14d7"), }, ], }, ], }, { $ne: [ "$productId", "$$REMOVE", ], }, ], }, }, }, { $project: { _id: 1, url: 1, altText: 1, position: 1, productId: 1, }, }, ])
prisma:query db.Category.aggregate([ { $match: { $expr: { $and: [ { $or: [ { $eq: [ "$_id", { $literal: ObjectId("69de2c78db7d8290e1b72029"), }, ], }, ], }, { $ne: [ "$_id", "$$REMOVE", ], }, ], }, }, }, { $project: { _id: 1, name: 1, slug: 1, description: 1, imageUrl: 1, parentId: 1, isActive: 1, position: 1, createdAt: 1, updatedAt: 1, }, }, ])
prisma:query db.Category.aggregate([ { $match: { $expr: { $and: [ { $or: [ { $eq: [ "$_id", { $literal: ObjectId("69de2c78db7d8290e1b72029"), }, ], }, ], }, { $ne: [ "$_id", "$$REMOVE", ], }, ], }, }, }, { $project: { _id: 1, name: 1, slug: 1, description: 1, imageUrl: 1, parentId: 1, isActive: 1, position: 1, createdAt: 1, updatedAt: 1, }, }, ])
prisma:query db.Coupon.aggregate([ { $sort: { createdAt: -1, }, }, { $project: { _id: 1, code: 1, type: 1, value: 1, minOrder: 1, maxUses: 1, usedCount: 1, expiresAt: 1, isActive: 1, createdAt: 1, updatedAt: 1, }, }, ])
prisma:query db.Coupon.aggregate([ { $sort: { createdAt: -1, }, }, { $project: { _id: 1, code: 1, type: 1, value: 1, minOrder: 1, maxUses: 1, usedCount: 1, expiresAt: 1, isActive: 1, createdAt: 1, updatedAt: 1, }, }, ])
prisma:query db.SiteSettings.aggregate([ { $project: { _id: 1, key: 1, value: 1, description: 1, updatedAt: 1, }, }, ])
prisma:query db.SiteSettings.aggregate([ { $project: { _id: 1, key: 1, value: 1, description: 1, updatedAt: 1, }, }, ])
prisma:query db.Banner.aggregate([ { $sort: { position: 1, }, }, { $project: { _id: 1, title: 1, subtitle: 1, imageUrl: 1, linkUrl: 1, position: 1, isActive: 1, startsAt: 1, endsAt: 1, createdAt: 1, }, }, ])
prisma:query db.Banner.aggregate([ { $sort: { position: 1, }, }, { $project: { _id: 1, title: 1, subtitle: 1, imageUrl: 1, linkUrl: 1, position: 1, isActive: 1, startsAt: 1, endsAt: 1, createdAt: 1, }, }, ])
prisma:query db.Category.aggregate([ { $lookup: { from: "Product", let: { left_0: "$_id", }, pipeline: [ { $match: { $expr: { $and: [ { $eq: [ "$categoryId", "$$left_0", ], }, ], }, }, }, ], as: "_aggr_count_products", }, }, { $sort: { name: 1, }, }, { $project: { _id: 1, name: 1, slug: 1, description: 1, imageUrl: 1, parentId: 1, isActive: 1, position: 1, createdAt: 1, updatedAt: 1, _aggr_count_products: { $size: "$_aggr_count_products", }, }, }, ])
prisma:query db.Coupon.aggregate([ { $sort: { createdAt: -1, }, }, { $project: { _id: 1, code: 1, type: 1, value: 1, minOrder: 1, maxUses: 1, usedCount: 1, expiresAt: 1, isActive: 1, createdAt: 1, updatedAt: 1, }, }, ])
prisma:query db.Category.aggregate([ { $lookup: { from: "Product", let: { left_0: "$_id", }, pipeline: [ { $match: { $expr: { $and: [ { $eq: [ "$categoryId", "$$left_0", ], }, ], }, }, }, ], as: "_aggr_count_products", }, }, { $sort: { name: 1, }, }, { $project: { _id: 1, name: 1, slug: 1, description: 1, imageUrl: 1, parentId: 1, isActive: 1, position: 1, createdAt: 1, updatedAt: 1, _aggr_count_products: { $size: "$_aggr_count_products", }, }, }, ])
prisma:query db.Coupon.aggregate([ { $sort: { createdAt: -1, }, }, { $project: { _id: 1, code: 1, type: 1, value: 1, minOrder: 1, maxUses: 1, usedCount: 1, expiresAt: 1, isActive: 1, createdAt: 1, updatedAt: 1, }, }, ])
prisma:query db.Category.aggregate([ { $match: { $expr: { $and: [ { $eq: [ "$isActive", { $literal: true, }, ], }, { $ne: [ "$isActive", "$$REMOVE", ], }, ], }, }, }, { $lookup: { from: "Product", let: { left_0: "$_id", }, pipeline: [ { $match: { $expr: { $and: [ { $eq: [ "$categoryId", "$$left_0", ], }, ], }, }, }, { $match: { $expr: { $and: [ { $eq: [ "$isActive", { $literal: true, }, ], }, { $ne: [ "$isActive", "$$REMOVE", ], }, ], }, }, }, ], as: "_aggr_count_products", }, }, { $sort: { position: 1, }, }, { $project: { _id: 1, name: 1, slug: 1, description: 1, imageUrl: 1, parentId: 1, isActive: 1, position: 1, createdAt: 1, updatedAt: 1, _aggr_count_products: { $size: "$_aggr_count_products", }, }, }, ])
prisma:query db.Category.aggregate([ { $match: { $expr: { $and: [ { $eq: [ "$isActive", { $literal: true, }, ], }, { $ne: [ "$isActive", "$$REMOVE", ], }, ], }, }, }, { $lookup: { from: "Product", let: { left_0: "$_id", }, pipeline: [ { $match: { $expr: { $and: [ { $eq: [ "$categoryId", "$$left_0", ], }, ], }, }, }, { $match: { $expr: { $and: [ { $eq: [ "$isActive", { $literal: true, }, ], }, { $ne: [ "$isActive", "$$REMOVE", ], }, ], }, }, }, ], as: "_aggr_count_products", }, }, { $sort: { position: 1, }, }, { $project: { _id: 1, name: 1, slug: 1, description: 1, imageUrl: 1, parentId: 1, isActive: 1, position: 1, createdAt: 1, updatedAt: 1, _aggr_count_products: { $size: "$_aggr_count_products", }, }, }, ])
   Generating static pages (33/44) 
prisma:query db.Product.aggregate([ { $match: { $expr: { $and: [ { $eq: [ "$cjProductId", { $literal: "2411130610321627000", }, ], }, { $ne: [ "$cjProductId", "$$REMOVE", ], }, ], }, }, }, { $limit: 1, }, { $project: { _id: 1, name: 1, slug: 1, description: 1, price: 1, comparePrice: 1, costPrice: 1, stock: 1, sku: 1, cjProductId: 1, weight: 1, isActive: 1, isFeatured: 1, tags: 1, metaTitle: 1, metaDescription: 1, createdAt: 1, updatedAt: 1, categoryId: 1, }, }, ])
prisma:query db.Product.insertOne({ name: "Ins Square Toe Slip-on Sandals Summer Fashion Soft Flat Shoes For Women", slug: "cj-2411130610321627000-5169", description: "High quality dropshipping product.", price: 706, costPrice: 470.6, stock: 50, sku: "CJYD2193443", cjProductId: "2411130610321627000", isActive: true, isFeatured: false, createdAt: DateTime("2026-05-07 8:18:29.775 +00:00:00"), updatedAt: DateTime("2026-05-07 8:18:29.775 +00:00:00"), categoryId: ObjectId("69de2c78db7d8290e1b7202b"), })
prisma:query db.ProductImage.insertOne({ url: "https://oss-cf.cjdropshipping.com/product/2025/04/28/07/e8cf6623-d955-4ec2-9109-6b4ca8c76eeb.jpg", position: 0, productId: ObjectId("69fc4ad56803419487c9238e"), })
prisma:query db.Product.aggregate([ { $match: { $expr: { $and: [ { $and: [ { $eq: [ "$_id", { $literal: ObjectId("69fc4ad56803419487c9238e"), }, ], }, { $ne: [ "$_id", "$$REMOVE", ], }, ], }, ], }, }, }, { $project: { _id: 1, name: 1, slug: 1, description: 1, price: 1, comparePrice: 1, costPrice: 1, stock: 1, sku: 1, cjProductId: 1, weight: 1, isActive: 1, isFeatured: 1, tags: 1, metaTitle: 1, metaDescription: 1, createdAt: 1, updatedAt: 1, categoryId: 1, }, }, ])
prisma:query db.Product.aggregate([ { $match: { $expr: { $and: [ { $eq: [ "$cjProductId", { $literal: "2502091128501620600", }, ], }, { $ne: [ "$cjProductId", "$$REMOVE", ], }, ], }, }, }, { $limit: 1, }, { $project: { _id: 1, name: 1, slug: 1, description: 1, price: 1, comparePrice: 1, costPrice: 1, stock: 1, sku: 1, cjProductId: 1, weight: 1, isActive: 1, isFeatured: 1, tags: 1, metaTitle: 1, metaDescription: 1, createdAt: 1, updatedAt: 1, categoryId: 1, }, }, ])
prisma:query db.Product.insertOne({ name: "Skinny Flared Jeans With Pockets Fashion Button Zipper Trousers Women's Slim Denim Pants", slug: "cj-2502091128501620600-2422", description: "High quality dropshipping product.", price: 1482, costPrice: 988, stock: 50, sku: "CJNZ2287382", cjProductId: "2502091128501620600", isActive: true, isFeatured: false, createdAt: DateTime("2026-05-07 8:18:29.806 +00:00:00"), updatedAt: DateTime("2026-05-07 8:18:29.806 +00:00:00"), categoryId: ObjectId("69de2c78db7d8290e1b7202b"), })
prisma:query db.ProductImage.insertOne({ url: "https://cf.cjdropshipping.com/quick/product/a768a9cc-9073-45a7-866c-6b25311fabd1.jpg", position: 0, productId: ObjectId("69fc4ad56803419487c92390"), })
prisma:query db.Product.aggregate([ { $match: { $expr: { $and: [ { $and: [ { $eq: [ "$_id", { $literal: ObjectId("69fc4ad56803419487c92390"), }, ], }, { $ne: [ "$_id", "$$REMOVE", ], }, ], }, ], }, }, }, { $project: { _id: 1, name: 1, slug: 1, description: 1, price: 1, comparePrice: 1, costPrice: 1, stock: 1, sku: 1, cjProductId: 1, weight: 1, isActive: 1, isFeatured: 1, tags: 1, metaTitle: 1, metaDescription: 1, createdAt: 1, updatedAt: 1, categoryId: 1, }, }, ])
prisma:query db.Product.aggregate([ { $match: { $expr: { $and: [ { $eq: [ "$cjProductId", { $literal: "1594580080628609024", }, ], }, { $ne: [ "$cjProductId", "$$REMOVE", ], }, ], }, }, }, { $limit: 1, }, { $project: { _id: 1, name: 1, slug: 1, description: 1, price: 1, comparePrice: 1, costPrice: 1, stock: 1, sku: 1, cjProductId: 1, weight: 1, isActive: 1, isFeatured: 1, tags: 1, metaTitle: 1, metaDescription: 1, createdAt: 1, updatedAt: 1, categoryId: 1, }, }, ])
prisma:query db.Product.insertOne({ name: "Fashion Knitted Boots Women's Flyweaving Breathable Thick-soled Skinny Boots Winter Fall Shoes", slug: "cj-1594580080628609024-8645", description: "High quality dropshipping product.", price: 1544, costPrice: 1029.6, stock: 50, sku: "CJNS1617528", cjProductId: "1594580080628609024", isActive: true, isFeatured: false, createdAt: DateTime("2026-05-07 8:18:29.826 +00:00:00"), updatedAt: DateTime("2026-05-07 8:18:29.826 +00:00:00"), categoryId: ObjectId("69de2c78db7d8290e1b7202b"), })
prisma:query db.ProductImage.insertOne({ url: "https://oss-cf.cjdropshipping.com/product/2024/11/18/08/6366eacf-4c46-4084-9989-621089ba9eda.jpg", position: 0, productId: ObjectId("69fc4ad56803419487c92392"), })
prisma:query db.Product.aggregate([ { $match: { $expr: { $and: [ { $and: [ { $eq: [ "$_id", { $literal: ObjectId("69fc4ad56803419487c92392"), }, ], }, { $ne: [ "$_id", "$$REMOVE", ], }, ], }, ], }, }, }, { $project: { _id: 1, name: 1, slug: 1, description: 1, price: 1, comparePrice: 1, costPrice: 1, stock: 1, sku: 1, cjProductId: 1, weight: 1, isActive: 1, isFeatured: 1, tags: 1, metaTitle: 1, metaDescription: 1, createdAt: 1, updatedAt: 1, categoryId: 1, }, }, ])
prisma:query db.Product.aggregate([ { $match: { $expr: { $and: [ { $eq: [ "$cjProductId", { $literal: "1846763379185569792", }, ], }, { $ne: [ "$cjProductId", "$$REMOVE", ], }, ], }, }, }, { $limit: 1, }, { $project: { _id: 1, name: 1, slug: 1, description: 1, price: 1, comparePrice: 1, costPrice: 1, stock: 1, sku: 1, cjProductId: 1, weight: 1, isActive: 1, isFeatured: 1, tags: 1, metaTitle: 1, metaDescription: 1, createdAt: 1, updatedAt: 1, categoryId: 1, }, }, ])
prisma:query db.Product.insertOne({ name: "Personalized Snowman Earrings And Pendant Fashion Simple Christmas Hollow Necklace For Women Jewelry", slug: "cj-1846763379185569792-7230", description: "High quality dropshipping product.", price: 140, costPrice: 93.6, stock: 50, sku: "CJLX2162544", cjProductId: "1846763379185569792", isActive: true, isFeatured: false, createdAt: DateTime("2026-05-07 8:18:29.844 +00:00:00"), updatedAt: DateTime("2026-05-07 8:18:29.844 +00:00:00"), categoryId: ObjectId("69de2c78db7d8290e1b7202b"), })
prisma:query db.ProductImage.insertOne({ url: "https://cf.cjdropshipping.com/d37b58d7-9c4d-4f41-8626-54d353fc5478.jpg", position: 0, productId: ObjectId("69fc4ad56803419487c92394"), })
prisma:query db.Product.aggregate([ { $match: { $expr: { $and: [ { $and: [ { $eq: [ "$_id", { $literal: ObjectId("69fc4ad56803419487c92394"), }, ], }, { $ne: [ "$_id", "$$REMOVE", ], }, ], }, ], }, }, }, { $project: { _id: 1, name: 1, slug: 1, description: 1, price: 1, comparePrice: 1, costPrice: 1, stock: 1, sku: 1, cjProductId: 1, weight: 1, isActive: 1, isFeatured: 1, tags: 1, metaTitle: 1, metaDescription: 1, createdAt: 1, updatedAt: 1, categoryId: 1, }, }, ])
prisma:query db.Product.aggregate([ { $match: { $expr: { $and: [ { $eq: [ "$cjProductId", { $literal: "1386644229454958592", }, ], }, { $ne: [ "$cjProductId", "$$REMOVE", ], }, ], }, }, }, { $limit: 1, }, { $project: { _id: 1, name: 1, slug: 1, description: 1, price: 1, comparePrice: 1, costPrice: 1, stock: 1, sku: 1, cjProductId: 1, weight: 1, isActive: 1, isFeatured: 1, tags: 1, metaTitle: 1, metaDescription: 1, createdAt: 1, updatedAt: 1, categoryId: 1, }, }, ])
prisma:query db.Product.insertOne({ name: "Trendy Fashion Hand-Woven Pearl Hand-Held Small Square Bag Shoulder Messenger Bag", slug: "cj-1386644229454958592-2265", description: "High quality dropshipping product.", price: 1583, costPrice: 1055.6, stock: 50, sku: "CJNS1100723", cjProductId: "1386644229454958592", isActive: true, isFeatured: false, createdAt: DateTime("2026-05-07 8:18:29.862 +00:00:00"), updatedAt: DateTime("2026-05-07 8:18:29.862 +00:00:00"), categoryId: ObjectId("69de2c78db7d8290e1b7202b"), })
prisma:query db.ProductImage.insertOne({ url: "https://cf.cjdropshipping.com/1619436544397.jpg", position: 0, productId: ObjectId("69fc4ad56803419487c92396"), })
prisma:query db.Product.aggregate([ { $match: { $expr: { $and: [ { $and: [ { $eq: [ "$_id", { $literal: ObjectId("69fc4ad56803419487c92396"), }, ], }, { $ne: [ "$_id", "$$REMOVE", ], }, ], }, ], }, }, }, { $project: { _id: 1, name: 1, slug: 1, description: 1, price: 1, comparePrice: 1, costPrice: 1, stock: 1, sku: 1, cjProductId: 1, weight: 1, isActive: 1, isFeatured: 1, tags: 1, metaTitle: 1, metaDescription: 1, createdAt: 1, updatedAt: 1, categoryId: 1, }, }, ])
prisma:query db.Product.aggregate([ { $match: { $expr: { $and: [ { $eq: [ "$cjProductId", { $literal: "1794991822205358080", }, ], }, { $ne: [ "$cjProductId", "$$REMOVE", ], }, ], }, }, }, { $limit: 1, }, { $project: { _id: 1, name: 1, slug: 1, description: 1, price: 1, comparePrice: 1, costPrice: 1, stock: 1, sku: 1, cjProductId: 1, weight: 1, isActive: 1, isFeatured: 1, tags: 1, metaTitle: 1, metaDescription: 1, createdAt: 1, updatedAt: 1, categoryId: 1, }, }, ])
prisma:query db.Product.insertOne({ name: "European And American New Ins Shell Stud Earrings Simple Fashion Commuter All-matching", slug: "cj-1794991822205358080-9236", description: "High quality dropshipping product.", price: 156, costPrice: 104, stock: 50, sku: "CJST2047023", cjProductId: "1794991822205358080", isActive: true, isFeatured: false, createdAt: DateTime("2026-05-07 8:18:29.884 +00:00:00"), updatedAt: DateTime("2026-05-07 8:18:29.884 +00:00:00"), categoryId: ObjectId("69de2c78db7d8290e1b7202b"), })
prisma:query db.ProductImage.insertOne({ url: "https://cf.cjdropshipping.com/quick/product/009e96b6-6eb0-42ab-be77-27e3319081de.jpg", position: 0, productId: ObjectId("69fc4ad56803419487c92398"), })
prisma:query db.Product.aggregate([ { $match: { $expr: { $and: [ { $and: [ { $eq: [ "$_id", { $literal: ObjectId("69fc4ad56803419487c92398"), }, ], }, { $ne: [ "$_id", "$$REMOVE", ], }, ], }, ], }, }, }, { $project: { _id: 1, name: 1, slug: 1, description: 1, price: 1, comparePrice: 1, costPrice: 1, stock: 1, sku: 1, cjProductId: 1, weight: 1, isActive: 1, isFeatured: 1, tags: 1, metaTitle: 1, metaDescription: 1, createdAt: 1, updatedAt: 1, categoryId: 1, }, }, ])
prisma:query db.Product.aggregate([ { $match: { $expr: { $and: [ { $eq: [ "$cjProductId", { $literal: "2406150750031627800", }, ], }, { $ne: [ "$cjProductId", "$$REMOVE", ], }, ], }, }, }, { $limit: 1, }, { $project: { _id: 1, name: 1, slug: 1, description: 1, price: 1, comparePrice: 1, costPrice: 1, stock: 1, sku: 1, cjProductId: 1, weight: 1, isActive: 1, isFeatured: 1, tags: 1, metaTitle: 1, metaDescription: 1, createdAt: 1, updatedAt: 1, categoryId: 1, }, }, ])
prisma:query db.Product.insertOne({ name: "New Women's Fashion Chest-wrapped Off-neck Slim-fit Hip-wrapped Dress Women", slug: "cj-2406150750031627800-8666", description: "High quality dropshipping product.", price: 647, costPrice: 431.6, stock: 50, sku: "CJLY2061121", cjProductId: "2406150750031627800", isActive: true, isFeatured: false, createdAt: DateTime("2026-05-07 8:18:29.905 +00:00:00"), updatedAt: DateTime("2026-05-07 8:18:29.905 +00:00:00"), categoryId: ObjectId("69de2c78db7d8290e1b7202b"), })
prisma:query db.ProductImage.insertOne({ url: "https://cf.cjdropshipping.com/quick/product/d410cf59-7908-4aac-81d0-e5e982ab4ed9.jpg", position: 0, productId: ObjectId("69fc4ad56803419487c9239a"), })
prisma:query db.Product.aggregate([ { $match: { $expr: { $and: [ { $and: [ { $eq: [ "$_id", { $literal: ObjectId("69fc4ad56803419487c9239a"), }, ], }, { $ne: [ "$_id", "$$REMOVE", ], }, ], }, ], }, }, }, { $project: { _id: 1, name: 1, slug: 1, description: 1, price: 1, comparePrice: 1, costPrice: 1, stock: 1, sku: 1, cjProductId: 1, weight: 1, isActive: 1, isFeatured: 1, tags: 1, metaTitle: 1, metaDescription: 1, createdAt: 1, updatedAt: 1, categoryId: 1, }, }, ])
prisma:query db.Product.aggregate([ { $match: { $expr: { $and: [ { $eq: [ "$cjProductId", { $literal: "2406100542451616300", }, ], }, { $ne: [ "$cjProductId", "$$REMOVE", ], }, ], }, }, }, { $limit: 1, }, { $project: { _id: 1, name: 1, slug: 1, description: 1, price: 1, comparePrice: 1, costPrice: 1, stock: 1, sku: 1, cjProductId: 1, weight: 1, isActive: 1, isFeatured: 1, tags: 1, metaTitle: 1, metaDescription: 1, createdAt: 1, updatedAt: 1, categoryId: 1, }, }, ])
prisma:query db.Product.insertOne({ name: "Decorative Flower Rhinestone Strip Tube Top Rose Red Dress Fashion Sweet Party Bandage", slug: "cj-2406100542451616300-9462", description: "High quality dropshipping product.", price: 6248, costPrice: 4165.2, stock: 50, sku: "CJLY2057060", cjProductId: "2406100542451616300", isActive: true, isFeatured: false, createdAt: DateTime("2026-05-07 8:18:29.92 +00:00:00"), updatedAt: DateTime("2026-05-07 8:18:29.92 +00:00:00"), categoryId: ObjectId("69de2c78db7d8290e1b7202b"), })
prisma:query db.ProductImage.insertOne({ url: "https://cf.cjdropshipping.com/quick/product/46bb8fcc-97cc-4b9f-8a5a-2c360551fe76.jpg", position: 0, productId: ObjectId("69fc4ad56803419487c9239c"), })
prisma:query db.Product.aggregate([ { $match: { $expr: { $and: [ { $and: [ { $eq: [ "$_id", { $literal: ObjectId("69fc4ad56803419487c9239c"), }, ], }, { $ne: [ "$_id", "$$REMOVE", ], }, ], }, ], }, }, }, { $project: { _id: 1, name: 1, slug: 1, description: 1, price: 1, comparePrice: 1, costPrice: 1, stock: 1, sku: 1, cjProductId: 1, weight: 1, isActive: 1, isFeatured: 1, tags: 1, metaTitle: 1, metaDescription: 1, createdAt: 1, updatedAt: 1, categoryId: 1, }, }, ])
prisma:query db.Product.aggregate([ { $match: { $expr: { $and: [ { $eq: [ "$cjProductId", { $literal: "1821358950890491904", }, ], }, { $ne: [ "$cjProductId", "$$REMOVE", ], }, ], }, }, }, { $limit: 1, }, { $project: { _id: 1, name: 1, slug: 1, description: 1, price: 1, comparePrice: 1, costPrice: 1, stock: 1, sku: 1, cjProductId: 1, weight: 1, isActive: 1, isFeatured: 1, tags: 1, metaTitle: 1, metaDescription: 1, createdAt: 1, updatedAt: 1, categoryId: 1, }, }, ])
prisma:query db.Product.aggregate([ { $match: { $expr: { $and: [ { $eq: [ "$cjProductId", { $literal: "2406090805311622600", }, ], }, { $ne: [ "$cjProductId", "$$REMOVE", ], }, ], }, }, }, { $limit: 1, }, { $project: { _id: 1, name: 1, slug: 1, description: 1, price: 1, comparePrice: 1, costPrice: 1, stock: 1, sku: 1, cjProductId: 1, weight: 1, isActive: 1, isFeatured: 1, tags: 1, metaTitle: 1, metaDescription: 1, createdAt: 1, updatedAt: 1, categoryId: 1, }, }, ])
prisma:query db.Product.insertOne({ name: "Fashion Sexy Hot Girl Crop-top Short Sleeve T-shirt Solid Color Printing", slug: "cj-2406090805311622600-1363", description: "High quality dropshipping product.", price: 632, costPrice: 421.2, stock: 50, sku: "CJCS2056712", cjProductId: "2406090805311622600", isActive: true, isFeatured: false, createdAt: DateTime("2026-05-07 8:18:29.94 +00:00:00"), updatedAt: DateTime("2026-05-07 8:18:29.94 +00:00:00"), categoryId: ObjectId("69de2c78db7d8290e1b7202b"), })
prisma:query db.ProductImage.insertOne({ url: "https://cf.cjdropshipping.com/quick/product/4fe6c71c-c400-4bed-96d4-2e7b15c062d1.jpg", position: 0, productId: ObjectId("69fc4ad56803419487c9239e"), })
prisma:query db.Product.aggregate([ { $match: { $expr: { $and: [ { $and: [ { $eq: [ "$_id", { $literal: ObjectId("69fc4ad56803419487c9239e"), }, ], }, { $ne: [ "$_id", "$$REMOVE", ], }, ], }, ], }, }, }, { $project: { _id: 1, name: 1, slug: 1, description: 1, price: 1, comparePrice: 1, costPrice: 1, stock: 1, sku: 1, cjProductId: 1, weight: 1, isActive: 1, isFeatured: 1, tags: 1, metaTitle: 1, metaDescription: 1, createdAt: 1, updatedAt: 1, categoryId: 1, }, }, ])
prisma:query db.Product.aggregate([ { $match: { $expr: { $and: [ { $eq: [ "$cjProductId", { $literal: "1834069699047870464", }, ], }, { $ne: [ "$cjProductId", "$$REMOVE", ], }, ], }, }, }, { $limit: 1, }, { $project: { _id: 1, name: 1, slug: 1, description: 1, price: 1, comparePrice: 1, costPrice: 1, stock: 1, sku: 1, cjProductId: 1, weight: 1, isActive: 1, isFeatured: 1, tags: 1, metaTitle: 1, metaDescription: 1, createdAt: 1, updatedAt: 1, categoryId: 1, }, }, ])
prisma:query db.Product.insertOne({ name: "Striped Zipper Hooded Sweatshirt Fashion Loose Pockets Long-sleeved Jacket For Women Tops", slug: "cj-1834069699047870464-5370", description: "High quality dropshipping product.", price: 1835, costPrice: 1223.3, stock: 50, sku: "CJQB2135350", cjProductId: "1834069699047870464", isActive: true, isFeatured: false, createdAt: DateTime("2026-05-07 8:18:29.958 +00:00:00"), updatedAt: DateTime("2026-05-07 8:18:29.958 +00:00:00"), categoryId: ObjectId("69de2c78db7d8290e1b7202b"), })
prisma:query db.ProductImage.insertOne({ url: "https://cf.cjdropshipping.com/17261856/1834467909465018368.jpg", position: 0, productId: ObjectId("69fc4ad56803419487c923a0"), })
prisma:query db.Product.aggregate([ { $match: { $expr: { $and: [ { $and: [ { $eq: [ "$_id", { $literal: ObjectId("69fc4ad56803419487c923a0"), }, ], }, { $ne: [ "$_id", "$$REMOVE", ], }, ], }, ], }, }, }, { $project: { _id: 1, name: 1, slug: 1, description: 1, price: 1, comparePrice: 1, costPrice: 1, stock: 1, sku: 1, cjProductId: 1, weight: 1, isActive: 1, isFeatured: 1, tags: 1, metaTitle: 1, metaDescription: 1, createdAt: 1, updatedAt: 1, categoryId: 1, }, }, ])
prisma:query db.Product.aggregate([ { $match: { $expr: { $and: [ { $eq: [ "$cjProductId", { $literal: "1815201733648732160", }, ], }, { $ne: [ "$cjProductId", "$$REMOVE", ], }, ], }, }, }, { $limit: 1, }, { $project: { _id: 1, name: 1, slug: 1, description: 1, price: 1, comparePrice: 1, costPrice: 1, stock: 1, sku: 1, cjProductId: 1, weight: 1, isActive: 1, isFeatured: 1, tags: 1, metaTitle: 1, metaDescription: 1, createdAt: 1, updatedAt: 1, categoryId: 1, }, }, ])
prisma:query db.Product.insertOne({ name: "Slim V-neck Knitted Long Dress Fashion Sexy Long-sleeved Bow Dress Women's", slug: "cj-1815201733648732160-9285", description: "High quality dropshipping product.", price: 2048, costPrice: 1365, stock: 50, sku: "CJLY2089729", cjProductId: "1815201733648732160", isActive: true, isFeatured: false, createdAt: DateTime("2026-05-07 8:18:29.973 +00:00:00"), updatedAt: DateTime("2026-05-07 8:18:29.973 +00:00:00"), categoryId: ObjectId("69de2c78db7d8290e1b7202b"), })
prisma:query db.ProductImage.insertOne({ url: "https://oss-cf.cjdropshipping.com/product/2024/07/23/07/29546184-040a-4d75-a035-eb5effdd1263.jpg", position: 0, productId: ObjectId("69fc4ad56803419487c923a2"), })
prisma:query db.Product.aggregate([ { $match: { $expr: { $and: [ { $and: [ { $eq: [ "$_id", { $literal: ObjectId("69fc4ad56803419487c923a2"), }, ], }, { $ne: [ "$_id", "$$REMOVE", ], }, ], }, ], }, }, }, { $project: { _id: 1, name: 1, slug: 1, description: 1, price: 1, comparePrice: 1, costPrice: 1, stock: 1, sku: 1, cjProductId: 1, weight: 1, isActive: 1, isFeatured: 1, tags: 1, metaTitle: 1, metaDescription: 1, createdAt: 1, updatedAt: 1, categoryId: 1, }, }, ])
prisma:query db.Product.aggregate([ { $match: { $expr: { $and: [ { $eq: [ "$cjProductId", { $literal: "1723696254967885824", }, ], }, { $ne: [ "$cjProductId", "$$REMOVE", ], }, ], }, }, }, { $limit: 1, }, { $project: { _id: 1, name: 1, slug: 1, description: 1, price: 1, comparePrice: 1, costPrice: 1, stock: 1, sku: 1, cjProductId: 1, weight: 1, isActive: 1, isFeatured: 1, tags: 1, metaTitle: 1, metaDescription: 1, createdAt: 1, updatedAt: 1, categoryId: 1, }, }, ])
prisma:query db.Product.insertOne({ name: "Simple Banquet Host French Piano Playing Vocal Music Art Test Violin Fashion Dress", slug: "cj-1723696254967885824-6666", description: "High quality dropshipping product.", price: 4343, costPrice: 2895.1, stock: 50, sku: "CJYD1895171", cjProductId: "1723696254967885824", isActive: true, isFeatured: false, createdAt: DateTime("2026-05-07 8:18:29.989 +00:00:00"), updatedAt: DateTime("2026-05-07 8:18:29.989 +00:00:00"), categoryId: ObjectId("69de2c78db7d8290e1b7202b"), })
prisma:query db.ProductImage.insertOne({ url: "https://cf.cjdropshipping.com/quick/product/4e7d5690-adc2-4d38-b555-ac287441fddc.jpg", position: 0, productId: ObjectId("69fc4ad56803419487c923a4"), })
prisma:query db.Product.aggregate([ { $match: { $expr: { $and: [ { $and: [ { $eq: [ "$_id", { $literal: ObjectId("69fc4ad56803419487c923a4"), }, ], }, { $ne: [ "$_id", "$$REMOVE", ], }, ], }, ], }, }, }, { $project: { _id: 1, name: 1, slug: 1, description: 1, price: 1, comparePrice: 1, costPrice: 1, stock: 1, sku: 1, cjProductId: 1, weight: 1, isActive: 1, isFeatured: 1, tags: 1, metaTitle: 1, metaDescription: 1, createdAt: 1, updatedAt: 1, categoryId: 1, }, }, ])
prisma:query db.Product.aggregate([ { $match: { $expr: { $and: [ { $eq: [ "$cjProductId", { $literal: "1767565799302516736", }, ], }, { $ne: [ "$cjProductId", "$$REMOVE", ], }, ], }, }, }, { $limit: 1, }, { $project: { _id: 1, name: 1, slug: 1, description: 1, price: 1, comparePrice: 1, costPrice: 1, stock: 1, sku: 1, cjProductId: 1, weight: 1, isActive: 1, isFeatured: 1, tags: 1, metaTitle: 1, metaDescription: 1, createdAt: 1, updatedAt: 1, categoryId: 1, }, }, ])
prisma:query db.Product.insertOne({ name: "Fashion Flowers Embroidered High Wedge Sandals For Women Summer Toe Platform Buckle Shoes", slug: "cj-1767565799302516736-289", description: "High quality dropshipping product.", price: 1094, costPrice: 729.3000000000001, stock: 50, sku: "CJNS1987213", cjProductId: "1767565799302516736", isActive: true, isFeatured: false, createdAt: DateTime("2026-05-07 8:18:30.013 +00:00:00"), updatedAt: DateTime("2026-05-07 8:18:30.013 +00:00:00"), categoryId: ObjectId("69de2c78db7d8290e1b7202b"), })
prisma:query db.ProductImage.insertOne({ url: "https://oss-cf.cjdropshipping.com/product/2024/03/25/08/455a4d21-a4e2-4d2b-b838-2b194a46945e.jpg", position: 0, productId: ObjectId("69fc4ad66803419487c923a6"), })
prisma:query db.Product.aggregate([ { $match: { $expr: { $and: [ { $and: [ { $eq: [ "$_id", { $literal: ObjectId("69fc4ad66803419487c923a6"), }, ], }, { $ne: [ "$_id", "$$REMOVE", ], }, ], }, ], }, }, }, { $project: { _id: 1, name: 1, slug: 1, description: 1, price: 1, comparePrice: 1, costPrice: 1, stock: 1, sku: 1, cjProductId: 1, weight: 1, isActive: 1, isFeatured: 1, tags: 1, metaTitle: 1, metaDescription: 1, createdAt: 1, updatedAt: 1, categoryId: 1, }, }, ])
prisma:query db.Product.aggregate([ { $match: { $expr: { $and: [ { $eq: [ "$cjProductId", { $literal: "1671405655439192064", }, ], }, { $ne: [ "$cjProductId", "$$REMOVE", ], }, ], }, }, }, { $limit: 1, }, { $project: { _id: 1, name: 1, slug: 1, description: 1, price: 1, comparePrice: 1, costPrice: 1, stock: 1, sku: 1, cjProductId: 1, weight: 1, isActive: 1, isFeatured: 1, tags: 1, metaTitle: 1, metaDescription: 1, createdAt: 1, updatedAt: 1, categoryId: 1, }, }, ])
prisma:query db.Product.insertOne({ name: "Women's Fashion Retro Cotton And Linen Embroidered V-neck Short-sleeved T-shirt", slug: "cj-1671405655439192064-2100", description: "High quality dropshipping product.", price: 1061, costPrice: 707.2, stock: 50, sku: "CJCS1783853", cjProductId: "1671405655439192064", isActive: true, isFeatured: false, createdAt: DateTime("2026-05-07 8:18:30.032 +00:00:00"), updatedAt: DateTime("2026-05-07 8:18:30.032 +00:00:00"), categoryId: ObjectId("69de2c78db7d8290e1b7202b"), })
prisma:query db.ProductImage.insertOne({ url: "https://cf.cjdropshipping.com/quick/product/e8111dbb-2a19-4996-88ad-86bac9b59ed0.jpg", position: 0, productId: ObjectId("69fc4ad66803419487c923a8"), })
prisma:query db.Product.aggregate([ { $match: { $expr: { $and: [ { $and: [ { $eq: [ "$_id", { $literal: ObjectId("69fc4ad66803419487c923a8"), }, ], }, { $ne: [ "$_id", "$$REMOVE", ], }, ], }, ], }, }, }, { $project: { _id: 1, name: 1, slug: 1, description: 1, price: 1, comparePrice: 1, costPrice: 1, stock: 1, sku: 1, cjProductId: 1, weight: 1, isActive: 1, isFeatured: 1, tags: 1, metaTitle: 1, metaDescription: 1, createdAt: 1, updatedAt: 1, categoryId: 1, }, }, ])
prisma:query db.Product.aggregate([ { $match: { $expr: { $and: [ { $eq: [ "$cjProductId", { $literal: "1706842623857664000", }, ], }, { $ne: [ "$cjProductId", "$$REMOVE", ], }, ], }, }, }, { $limit: 1, }, { $project: { _id: 1, name: 1, slug: 1, description: 1, price: 1, comparePrice: 1, costPrice: 1, stock: 1, sku: 1, cjProductId: 1, weight: 1, isActive: 1, isFeatured: 1, tags: 1, metaTitle: 1, metaDescription: 1, createdAt: 1, updatedAt: 1, categoryId: 1, }, }, ])
prisma:query db.Product.insertOne({ name: "Diamond Women's Bracelet Watch Luxury Fashion Gift Box Watch Bracelet Six-piece Set", slug: "cj-1706842623857664000-6622", description: "High quality dropshipping product.", price: 339, costPrice: 226.2, stock: 50, sku: "CJNS1856990", cjProductId: "1706842623857664000", isActive: true, isFeatured: false, createdAt: DateTime("2026-05-07 8:18:30.046 +00:00:00"), updatedAt: DateTime("2026-05-07 8:18:30.046 +00:00:00"), categoryId: ObjectId("69de2c78db7d8290e1b7202b"), })
prisma:query db.ProductImage.insertOne({ url: "https://cf.cjdropshipping.com/quick/product/b40ff5ed-0ca0-4522-8218-7d10ce4dd548.jpg", position: 0, productId: ObjectId("69fc4ad66803419487c923aa"), })
prisma:query db.Product.aggregate([ { $match: { $expr: { $and: [ { $and: [ { $eq: [ "$_id", { $literal: ObjectId("69fc4ad66803419487c923aa"), }, ], }, { $ne: [ "$_id", "$$REMOVE", ], }, ], }, ], }, }, }, { $project: { _id: 1, name: 1, slug: 1, description: 1, price: 1, comparePrice: 1, costPrice: 1, stock: 1, sku: 1, cjProductId: 1, weight: 1, isActive: 1, isFeatured: 1, tags: 1, metaTitle: 1, metaDescription: 1, createdAt: 1, updatedAt: 1, categoryId: 1, }, }, ])
prisma:query db.Product.aggregate([ { $match: { $expr: { $and: [ { $eq: [ "$cjProductId", { $literal: "1722539753402281984", }, ], }, { $ne: [ "$cjProductId", "$$REMOVE", ], }, ], }, }, }, { $limit: 1, }, { $project: { _id: 1, name: 1, slug: 1, description: 1, price: 1, comparePrice: 1, costPrice: 1, stock: 1, sku: 1, cjProductId: 1, weight: 1, isActive: 1, isFeatured: 1, tags: 1, metaTitle: 1, metaDescription: 1, createdAt: 1, updatedAt: 1, categoryId: 1, }, }, ])
prisma:query db.Product.insertOne({ name: "New Fashion Slim Fit Lace Mid Sleeve Plus Size Photo Studio Wedding Dress", slug: "cj-1722539753402281984-3641", description: "High quality dropshipping product.", price: 3880, costPrice: 2587, stock: 50, sku: "CJYD1892804", cjProductId: "1722539753402281984", isActive: true, isFeatured: false, createdAt: DateTime("2026-05-07 8:18:30.06 +00:00:00"), updatedAt: DateTime("2026-05-07 8:18:30.06 +00:00:00"), categoryId: ObjectId("69de2c78db7d8290e1b7202b"), })
prisma:query db.ProductImage.insertOne({ url: "https://cf.cjdropshipping.com/quick/product/57f83768-0192-43de-850b-f50fbde2bdef.jpg", position: 0, productId: ObjectId("69fc4ad66803419487c923ac"), })
prisma:query db.Product.aggregate([ { $match: { $expr: { $and: [ { $and: [ { $eq: [ "$_id", { $literal: ObjectId("69fc4ad66803419487c923ac"), }, ], }, { $ne: [ "$_id", "$$REMOVE", ], }, ], }, ], }, }, }, { $project: { _id: 1, name: 1, slug: 1, description: 1, price: 1, comparePrice: 1, costPrice: 1, stock: 1, sku: 1, cjProductId: 1, weight: 1, isActive: 1, isFeatured: 1, tags: 1, metaTitle: 1, metaDescription: 1, createdAt: 1, updatedAt: 1, categoryId: 1, }, }, ])
prisma:query db.Product.aggregate([ { $match: { $expr: { $and: [ { $eq: [ "$cjProductId", { $literal: "2408200913501608300", }, ], }, { $ne: [ "$cjProductId", "$$REMOVE", ], }, ], }, }, }, { $limit: 1, }, { $project: { _id: 1, name: 1, slug: 1, description: 1, price: 1, comparePrice: 1, costPrice: 1, stock: 1, sku: 1, cjProductId: 1, weight: 1, isActive: 1, isFeatured: 1, tags: 1, metaTitle: 1, metaDescription: 1, createdAt: 1, updatedAt: 1, categoryId: 1, }, }, ])
prisma:query db.Product.insertOne({ name: "Fashion Style Temperament Leisure Pure Color All-matching Short Square Collar Long Sleeve", slug: "cj-2408200913501608300-6163", description: "High quality dropshipping product.", price: 585, costPrice: 390, stock: 50, sku: "CJCS2115539", cjProductId: "2408200913501608300", isActive: true, isFeatured: false, createdAt: DateTime("2026-05-07 8:18:30.074 +00:00:00"), updatedAt: DateTime("2026-05-07 8:18:30.074 +00:00:00"), categoryId: ObjectId("69de2c78db7d8290e1b7202b"), })
prisma:query db.ProductImage.insertOne({ url: "https://cf.cjdropshipping.com/quick/product/e2a6bd2a-0c01-4f90-a062-6bbe3ba03ee1.jpg", position: 0, productId: ObjectId("69fc4ad66803419487c923ae"), })
prisma:query db.Product.aggregate([ { $match: { $expr: { $and: [ { $and: [ { $eq: [ "$_id", { $literal: ObjectId("69fc4ad66803419487c923ae"), }, ], }, { $ne: [ "$_id", "$$REMOVE", ], }, ], }, ], }, }, }, { $project: { _id: 1, name: 1, slug: 1, description: 1, price: 1, comparePrice: 1, costPrice: 1, stock: 1, sku: 1, cjProductId: 1, weight: 1, isActive: 1, isFeatured: 1, tags: 1, metaTitle: 1, metaDescription: 1, createdAt: 1, updatedAt: 1, categoryId: 1, }, }, ])
prisma:query db.Product.aggregate([ { $match: { $expr: { $and: [ { $eq: [ "$cjProductId", { $literal: "2407191527311611700", }, ], }, { $ne: [ "$cjProductId", "$$REMOVE", ], }, ], }, }, }, { $limit: 1, }, { $project: { _id: 1, name: 1, slug: 1, description: 1, price: 1, comparePrice: 1, costPrice: 1, stock: 1, sku: 1, cjProductId: 1, weight: 1, isActive: 1, isFeatured: 1, tags: 1, metaTitle: 1, metaDescription: 1, createdAt: 1, updatedAt: 1, categoryId: 1, }, }, ])
prisma:query db.Product.insertOne({ name: "High-grade Y2g Slim-fit Fashion Pure Desire Style Long-sleeved T-shirt", slug: "cj-2407191527311611700-9890", description: "High quality dropshipping product.", price: 981, costPrice: 653.9, stock: 50, sku: "CJCS2088357", cjProductId: "2407191527311611700", isActive: true, isFeatured: false, createdAt: DateTime("2026-05-07 8:18:30.09 +00:00:00"), updatedAt: DateTime("2026-05-07 8:18:30.09 +00:00:00"), categoryId: ObjectId("69de2c78db7d8290e1b7202b"), })
prisma:query db.ProductImage.insertOne({ url: "https://cf.cjdropshipping.com/quick/product/5013aa70-1207-45bc-b324-0fb2e2e7d2ff.jpg", position: 0, productId: ObjectId("69fc4ad66803419487c923b0"), })
prisma:query db.Product.aggregate([ { $match: { $expr: { $and: [ { $and: [ { $eq: [ "$_id", { $literal: ObjectId("69fc4ad66803419487c923b0"), }, ], }, { $ne: [ "$_id", "$$REMOVE", ], }, ], }, ], }, }, }, { $project: { _id: 1, name: 1, slug: 1, description: 1, price: 1, comparePrice: 1, costPrice: 1, stock: 1, sku: 1, cjProductId: 1, weight: 1, isActive: 1, isFeatured: 1, tags: 1, metaTitle: 1, metaDescription: 1, createdAt: 1, updatedAt: 1, categoryId: 1, }, }, ])
prisma:query db.Product.aggregate([ { $match: { $expr: { $and: [ { $eq: [ "$cjProductId", { $literal: "2406280412391618000", }, ], }, { $ne: [ "$cjProductId", "$$REMOVE", ], }, ], }, }, }, { $limit: 1, }, { $project: { _id: 1, name: 1, slug: 1, description: 1, price: 1, comparePrice: 1, costPrice: 1, stock: 1, sku: 1, cjProductId: 1, weight: 1, isActive: 1, isFeatured: 1, tags: 1, metaTitle: 1, metaDescription: 1, createdAt: 1, updatedAt: 1, categoryId: 1, }, }, ])
prisma:query db.Product.insertOne({ name: "Fashion Baseball Girl Spring And Autumn Clothes Vintage Students' Loose-fitting Coat Jacket", slug: "cj-2406280412391618000-1227", description: "High quality dropshipping product.", price: 987, costPrice: 657.8, stock: 50, sku: "CJYD2070583", cjProductId: "2406280412391618000", isActive: true, isFeatured: false, createdAt: DateTime("2026-05-07 8:18:30.108 +00:00:00"), updatedAt: DateTime("2026-05-07 8:18:30.108 +00:00:00"), categoryId: ObjectId("69de2c78db7d8290e1b7202b"), })
prisma:query db.ProductImage.insertOne({ url: "https://oss-cf.cjdropshipping.com/product/2024/06/28/07/f381e16b-9911-43fb-b077-ef8bed60959b.jpg", position: 0, productId: ObjectId("69fc4ad66803419487c923b2"), })
prisma:query db.Product.aggregate([ { $match: { $expr: { $and: [ { $and: [ { $eq: [ "$_id", { $literal: ObjectId("69fc4ad66803419487c923b2"), }, ], }, { $ne: [ "$_id", "$$REMOVE", ], }, ], }, ], }, }, }, { $project: { _id: 1, name: 1, slug: 1, description: 1, price: 1, comparePrice: 1, costPrice: 1, stock: 1, sku: 1, cjProductId: 1, weight: 1, isActive: 1, isFeatured: 1, tags: 1, metaTitle: 1, metaDescription: 1, createdAt: 1, updatedAt: 1, categoryId: 1, }, }, ])
prisma:query db.Product.aggregate([ { $match: { $expr: { $and: [ { $eq: [ "$cjProductId", { $literal: "1659821053436243968", }, ], }, { $ne: [ "$cjProductId", "$$REMOVE", ], }, ], }, }, }, { $limit: 1, }, { $project: { _id: 1, name: 1, slug: 1, description: 1, price: 1, comparePrice: 1, costPrice: 1, stock: 1, sku: 1, cjProductId: 1, weight: 1, isActive: 1, isFeatured: 1, tags: 1, metaTitle: 1, metaDescription: 1, createdAt: 1, updatedAt: 1, categoryId: 1, }, }, ])
prisma:query db.Product.insertOne({ name: "European And American Summer New Product Set Fashion Solid Color Loose Leisure Suit", slug: "cj-1659821053436243968-1455", description: "High quality dropshipping product.", price: 1229, costPrice: 819, stock: 50, sku: "CJLS1761744", cjProductId: "1659821053436243968", isActive: true, isFeatured: false, createdAt: DateTime("2026-05-07 8:18:30.126 +00:00:00"), updatedAt: DateTime("2026-05-07 8:18:30.126 +00:00:00"), categoryId: ObjectId("69de2c78db7d8290e1b7202b"), })
prisma:query db.ProductImage.insertOne({ url: "https://cf.cjdropshipping.com/1632de30-87b8-478f-a79d-62159b471cc2.jpg", position: 0, productId: ObjectId("69fc4ad66803419487c923b4"), })
prisma:query db.Product.aggregate([ { $match: { $expr: { $and: [ { $and: [ { $eq: [ "$_id", { $literal: ObjectId("69fc4ad66803419487c923b4"), }, ], }, { $ne: [ "$_id", "$$REMOVE", ], }, ], }, ], }, }, }, { $project: { _id: 1, name: 1, slug: 1, description: 1, price: 1, comparePrice: 1, costPrice: 1, stock: 1, sku: 1, cjProductId: 1, weight: 1, isActive: 1, isFeatured: 1, tags: 1, metaTitle: 1, metaDescription: 1, createdAt: 1, updatedAt: 1, categoryId: 1, }, }, ])
prisma:query db.Product.aggregate([ { $match: { $expr: { $and: [ { $eq: [ "$cjProductId", { $literal: "1786291081668206592", }, ], }, { $ne: [ "$cjProductId", "$$REMOVE", ], }, ], }, }, }, { $limit: 1, }, { $project: { _id: 1, name: 1, slug: 1, description: 1, price: 1, comparePrice: 1, costPrice: 1, stock: 1, sku: 1, cjProductId: 1, weight: 1, isActive: 1, isFeatured: 1, tags: 1, metaTitle: 1, metaDescription: 1, createdAt: 1, updatedAt: 1, categoryId: 1, }, }, ])
prisma:query db.Product.insertOne({ name: "Fashion Jewelry Rhinestone Dripped Butterflies Stud Earrings Sweet Everyday Versatile Jewelry For Women", slug: "cj-1786291081668206592-7395", description: "High quality dropshipping product.", price: 109, costPrice: 72.80000000000001, stock: 50, sku: "CJLX2026591", cjProductId: "1786291081668206592", isActive: true, isFeatured: false, createdAt: DateTime("2026-05-07 8:18:30.144 +00:00:00"), updatedAt: DateTime("2026-05-07 8:18:30.144 +00:00:00"), categoryId: ObjectId("69de2c78db7d8290e1b7202b"), })
prisma:query db.ProductImage.insertOne({ url: "https://oss-cf.cjdropshipping.com/product/2024/05/23/06/127cc67c-46a3-40b8-875f-0fe7002e06ad.jpg", position: 0, productId: ObjectId("69fc4ad66803419487c923b6"), })
prisma:query db.Product.aggregate([ { $match: { $expr: { $and: [ { $and: [ { $eq: [ "$_id", { $literal: ObjectId("69fc4ad66803419487c923b6"), }, ], }, { $ne: [ "$_id", "$$REMOVE", ], }, ], }, ], }, }, }, { $project: { _id: 1, name: 1, slug: 1, description: 1, price: 1, comparePrice: 1, costPrice: 1, stock: 1, sku: 1, cjProductId: 1, weight: 1, isActive: 1, isFeatured: 1, tags: 1, metaTitle: 1, metaDescription: 1, createdAt: 1, updatedAt: 1, categoryId: 1, }, }, ])
prisma:query db.Product.aggregate([ { $match: { $expr: { $and: [ { $eq: [ "$cjProductId", { $literal: "B97F72F9-DA4D-4DF0-A343-1E8ACE2C1E54", }, ], }, { $ne: [ "$cjProductId", "$$REMOVE", ], }, ], }, }, }, { $limit: 1, }, { $project: { _id: 1, name: 1, slug: 1, description: 1, price: 1, comparePrice: 1, costPrice: 1, stock: 1, sku: 1, cjProductId: 1, weight: 1, isActive: 1, isFeatured: 1, tags: 1, metaTitle: 1, metaDescription: 1, createdAt: 1, updatedAt: 1, categoryId: 1, }, }, ])
prisma:query db.Product.insertOne({ name: "New men's travel bag fashion backpack pu shoulder bag men's casual sports backpack", slug: "cj-B97F72F9-DA4D-4DF0-A343-1E8ACE2C1E54-3134", description: "High quality dropshipping product.", price: 1191, costPrice: 794.3000000000001, stock: 50, sku: "CJYDYDYD00354", cjProductId: "B97F72F9-DA4D-4DF0-A343-1E8ACE2C1E54", isActive: true, isFeatured: false, createdAt: DateTime("2026-05-07 8:18:30.162 +00:00:00"), updatedAt: DateTime("2026-05-07 8:18:30.162 +00:00:00"), categoryId: ObjectId("69de2c78db7d8290e1b7202b"), })
prisma:query db.ProductImage.insertOne({ url: "https://cf.cjdropshipping.com/15156000/3562939610_894757828.jpg", position: 0, productId: ObjectId("69fc4ad66803419487c923b8"), })
prisma:query db.Product.aggregate([ { $match: { $expr: { $and: [ { $and: [ { $eq: [ "$_id", { $literal: ObjectId("69fc4ad66803419487c923b8"), }, ], }, { $ne: [ "$_id", "$$REMOVE", ], }, ], }, ], }, }, }, { $project: { _id: 1, name: 1, slug: 1, description: 1, price: 1, comparePrice: 1, costPrice: 1, stock: 1, sku: 1, cjProductId: 1, weight: 1, isActive: 1, isFeatured: 1, tags: 1, metaTitle: 1, metaDescription: 1, createdAt: 1, updatedAt: 1, categoryId: 1, }, }, ])
prisma:query db.Product.aggregate([ { $match: { $expr: { $and: [ { $eq: [ "$cjProductId", { $literal: "1702537603960020992", }, ], }, { $ne: [ "$cjProductId", "$$REMOVE", ], }, ], }, }, }, { $limit: 1, }, { $project: { _id: 1, name: 1, slug: 1, description: 1, price: 1, comparePrice: 1, costPrice: 1, stock: 1, sku: 1, cjProductId: 1, weight: 1, isActive: 1, isFeatured: 1, tags: 1, metaTitle: 1, metaDescription: 1, createdAt: 1, updatedAt: 1, categoryId: 1, }, }, ])
prisma:query db.Product.insertOne({ name: "Women's Fashion Solid Color Loose Lace-up Cotton And Linen Straight-leg Pants", slug: "cj-1702537603960020992-6924", description: "High quality dropshipping product.", price: 872, costPrice: 581.1, stock: 50, sku: "CJTZ1847811", cjProductId: "1702537603960020992", isActive: true, isFeatured: false, createdAt: DateTime("2026-05-07 8:18:30.18 +00:00:00"), updatedAt: DateTime("2026-05-07 8:18:30.18 +00:00:00"), categoryId: ObjectId("69de2c78db7d8290e1b7202b"), })
prisma:query db.ProductImage.insertOne({ url: "https://cf.cjdropshipping.com/7b53cffd-a753-4686-8fa4-939512f496cf.jpg", position: 0, productId: ObjectId("69fc4ad66803419487c923ba"), })
prisma:query db.Product.aggregate([ { $match: { $expr: { $and: [ { $and: [ { $eq: [ "$_id", { $literal: ObjectId("69fc4ad66803419487c923ba"), }, ], }, { $ne: [ "$_id", "$$REMOVE", ], }, ], }, ], }, }, }, { $project: { _id: 1, name: 1, slug: 1, description: 1, price: 1, comparePrice: 1, costPrice: 1, stock: 1, sku: 1, cjProductId: 1, weight: 1, isActive: 1, isFeatured: 1, tags: 1, metaTitle: 1, metaDescription: 1, createdAt: 1, updatedAt: 1, categoryId: 1, }, }, ])
prisma:query db.Product.aggregate([ { $match: { $expr: { $and: [ { $eq: [ "$cjProductId", { $literal: "2406180312141614400", }, ], }, { $ne: [ "$cjProductId", "$$REMOVE", ], }, ], }, }, }, { $limit: 1, }, { $project: { _id: 1, name: 1, slug: 1, description: 1, price: 1, comparePrice: 1, costPrice: 1, stock: 1, sku: 1, cjProductId: 1, weight: 1, isActive: 1, isFeatured: 1, tags: 1, metaTitle: 1, metaDescription: 1, createdAt: 1, updatedAt: 1, categoryId: 1, }, }, ])
prisma:query db.Product.insertOne({ name: "Fashion V-neck Lace Dress Summer Elegant Short Sleeve Long Dresses For Women", slug: "cj-2406180312141614400-3222", description: "High quality dropshipping product.", price: 2069, costPrice: 1379.3, stock: 50, sku: "CJLY2062739", cjProductId: "2406180312141614400", isActive: true, isFeatured: false, createdAt: DateTime("2026-05-07 8:18:30.196 +00:00:00"), updatedAt: DateTime("2026-05-07 8:18:30.196 +00:00:00"), categoryId: ObjectId("69de2c78db7d8290e1b7202b"), })
prisma:query db.ProductImage.insertOne({ url: "https://oss-cf.cjdropshipping.com/product/2024/06/24/09/11a12a60-c6e7-4e63-b3f4-67f999e3b4ae.jpg", position: 0, productId: ObjectId("69fc4ad66803419487c923bc"), })
prisma:query db.Product.aggregate([ { $match: { $expr: { $and: [ { $and: [ { $eq: [ "$_id", { $literal: ObjectId("69fc4ad66803419487c923bc"), }, ], }, { $ne: [ "$_id", "$$REMOVE", ], }, ], }, ], }, }, }, { $project: { _id: 1, name: 1, slug: 1, description: 1, price: 1, comparePrice: 1, costPrice: 1, stock: 1, sku: 1, cjProductId: 1, weight: 1, isActive: 1, isFeatured: 1, tags: 1, metaTitle: 1, metaDescription: 1, createdAt: 1, updatedAt: 1, categoryId: 1, }, }, ])
prisma:query db.Product.aggregate([ { $match: { $expr: { $and: [ { $eq: [ "$cjProductId", { $literal: "A4B199D4-EE43-4EA1-927B-7B2C588A7921", }, ], }, { $ne: [ "$cjProductId", "$$REMOVE", ], }, ], }, }, }, { $limit: 1, }, { $project: { _id: 1, name: 1, slug: 1, description: 1, price: 1, comparePrice: 1, costPrice: 1, stock: 1, sku: 1, cjProductId: 1, weight: 1, isActive: 1, isFeatured: 1, tags: 1, metaTitle: 1, metaDescription: 1, createdAt: 1, updatedAt: 1, categoryId: 1, }, }, ])
prisma:query db.Product.insertOne({ name: "Fashion Rainbow Pride Ring Women Men Gay Lesbian LGBT Stainless Steel Friendship Jewelry", slug: "cj-A4B199D4-EE43-4EA1-927B-7B2C588A7921-870", description: "High quality dropshipping product.", price: 259, costPrice: 172.9, stock: 50, sku: "CJZBLXLX24256", cjProductId: "A4B199D4-EE43-4EA1-927B-7B2C588A7921", isActive: true, isFeatured: false, createdAt: DateTime("2026-05-07 8:18:30.212 +00:00:00"), updatedAt: DateTime("2026-05-07 8:18:30.212 +00:00:00"), categoryId: ObjectId("69de2c78db7d8290e1b7202b"), })
prisma:query db.ProductImage.insertOne({ url: "https://oss-cf.cjdropshipping.com/product/2025/01/20/06/9d860b6a-62a5-44e5-b984-84282d463542.jpg", position: 0, productId: ObjectId("69fc4ad66803419487c923be"), })
prisma:query db.Product.aggregate([ { $match: { $expr: { $and: [ { $and: [ { $eq: [ "$_id", { $literal: ObjectId("69fc4ad66803419487c923be"), }, ], }, { $ne: [ "$_id", "$$REMOVE", ], }, ], }, ], }, }, }, { $project: { _id: 1, name: 1, slug: 1, description: 1, price: 1, comparePrice: 1, costPrice: 1, stock: 1, sku: 1, cjProductId: 1, weight: 1, isActive: 1, isFeatured: 1, tags: 1, metaTitle: 1, metaDescription: 1, createdAt: 1, updatedAt: 1, categoryId: 1, }, }, ])
prisma:query db.Product.aggregate([ { $match: { $expr: { $and: [ { $eq: [ "$cjProductId", { $literal: "D562B58F-931A-46FE-B5D1-344900E425EE", }, ], }, { $ne: [ "$cjProductId", "$$REMOVE", ], }, ], }, }, }, { $limit: 1, }, { $project: { _id: 1, name: 1, slug: 1, description: 1, price: 1, comparePrice: 1, costPrice: 1, stock: 1, sku: 1, cjProductId: 1, weight: 1, isActive: 1, isFeatured: 1, tags: 1, metaTitle: 1, metaDescription: 1, createdAt: 1, updatedAt: 1, categoryId: 1, }, }, ])
prisma:query db.Product.insertOne({ name: "Explosion Style Yellow Tiger Eye Bracelet Fashion Simple Obsidian Alloy Separator Elastic Bracelet", slug: "cj-D562B58F-931A-46FE-B5D1-344900E425EE-1947", description: "High quality dropshipping product.", price: 138, costPrice: 92.3, stock: 50, sku: "CJZBLXSL02476", cjProductId: "D562B58F-931A-46FE-B5D1-344900E425EE", isActive: true, isFeatured: false, createdAt: DateTime("2026-05-07 8:18:30.227 +00:00:00"), updatedAt: DateTime("2026-05-07 8:18:30.227 +00:00:00"), categoryId: ObjectId("69de2c78db7d8290e1b7202b"), })
prisma:query db.ProductImage.insertOne({ url: "https://cf.cjdropshipping.com/20200302/26978081514128.jpg", position: 0, productId: ObjectId("69fc4ad66803419487c923c0"), })
prisma:query db.Product.aggregate([ { $match: { $expr: { $and: [ { $and: [ { $eq: [ "$_id", { $literal: ObjectId("69fc4ad66803419487c923c0"), }, ], }, { $ne: [ "$_id", "$$REMOVE", ], }, ], }, ], }, }, }, { $project: { _id: 1, name: 1, slug: 1, description: 1, price: 1, comparePrice: 1, costPrice: 1, stock: 1, sku: 1, cjProductId: 1, weight: 1, isActive: 1, isFeatured: 1, tags: 1, metaTitle: 1, metaDescription: 1, createdAt: 1, updatedAt: 1, categoryId: 1, }, }, ])
prisma:query db.Product.aggregate([ { $match: { $expr: { $and: [ { $eq: [ "$cjProductId", { $literal: "1902338023378014209", }, ], }, { $ne: [ "$cjProductId", "$$REMOVE", ], }, ], }, }, }, { $limit: 1, }, { $project: { _id: 1, name: 1, slug: 1, description: 1, price: 1, comparePrice: 1, costPrice: 1, stock: 1, sku: 1, cjProductId: 1, weight: 1, isActive: 1, isFeatured: 1, tags: 1, metaTitle: 1, metaDescription: 1, createdAt: 1, updatedAt: 1, categoryId: 1, }, }, ])
prisma:query db.Product.insertOne({ name: "1Audrey Large Diamond Ring Luxury Fashion Set Moissanite Silver Ring Prohibit Tk Sales", slug: "cj-1902338023378014209-7038", description: "High quality dropshipping product.", price: 9731, costPrice: 6487, stock: 50, sku: "CJJE2332049", cjProductId: "1902338023378014209", isActive: true, isFeatured: false, createdAt: DateTime("2026-05-07 8:18:30.242 +00:00:00"), updatedAt: DateTime("2026-05-07 8:18:30.242 +00:00:00"), categoryId: ObjectId("69de2c78db7d8290e1b7202b"), })
prisma:query db.ProductImage.insertOne({ url: "https://cf.cjdropshipping.com/a8bde016-8da4-4a0f-904d-dac9c464a3fe.JPG", position: 0, productId: ObjectId("69fc4ad66803419487c923c2"), })
prisma:query db.Product.aggregate([ { $match: { $expr: { $and: [ { $and: [ { $eq: [ "$_id", { $literal: ObjectId("69fc4ad66803419487c923c2"), }, ], }, { $ne: [ "$_id", "$$REMOVE", ], }, ], }, ], }, }, }, { $project: { _id: 1, name: 1, slug: 1, description: 1, price: 1, comparePrice: 1, costPrice: 1, stock: 1, sku: 1, cjProductId: 1, weight: 1, isActive: 1, isFeatured: 1, tags: 1, metaTitle: 1, metaDescription: 1, createdAt: 1, updatedAt: 1, categoryId: 1, }, }, ])
prisma:query db.Product.aggregate([ { $match: { $expr: { $and: [ { $eq: [ "$cjProductId", { $literal: "1413692744420954112", }, ], }, { $ne: [ "$cjProductId", "$$REMOVE", ], }, ], }, }, }, { $limit: 1, }, { $project: { _id: 1, name: 1, slug: 1, description: 1, price: 1, comparePrice: 1, costPrice: 1, stock: 1, sku: 1, cjProductId: 1, weight: 1, isActive: 1, isFeatured: 1, tags: 1, metaTitle: 1, metaDescription: 1, createdAt: 1, updatedAt: 1, categoryId: 1, }, }, ])
prisma:query db.Product.insertOne({ name: "New Wish New Product Autumn And Winter Women's Fashion Leather PU Suit Jacket", slug: "cj-1413692744420954112-4219", description: "High quality dropshipping product.", price: 883, costPrice: 588.9, stock: 50, sku: "CJFP1207597", cjProductId: "1413692744420954112", isActive: true, isFeatured: false, createdAt: DateTime("2026-05-07 8:18:30.258 +00:00:00"), updatedAt: DateTime("2026-05-07 8:18:30.258 +00:00:00"), categoryId: ObjectId("69de2c78db7d8290e1b7202b"), })
prisma:query db.ProductImage.insertOne({ url: "https://cf.cjdropshipping.com/96f308a2-8fb2-45f4-8d15-beebfe98676c.jpg", position: 0, productId: ObjectId("69fc4ad66803419487c923c4"), })
prisma:query db.Product.aggregate([ { $match: { $expr: { $and: [ { $and: [ { $eq: [ "$_id", { $literal: ObjectId("69fc4ad66803419487c923c4"), }, ], }, { $ne: [ "$_id", "$$REMOVE", ], }, ], }, ], }, }, }, { $project: { _id: 1, name: 1, slug: 1, description: 1, price: 1, comparePrice: 1, costPrice: 1, stock: 1, sku: 1, cjProductId: 1, weight: 1, isActive: 1, isFeatured: 1, tags: 1, metaTitle: 1, metaDescription: 1, createdAt: 1, updatedAt: 1, categoryId: 1, }, }, ])
prisma:query db.Product.aggregate([ { $match: { $expr: { $and: [ { $eq: [ "$cjProductId", { $literal: "1422804580256845824", }, ], }, { $ne: [ "$cjProductId", "$$REMOVE", ], }, ], }, }, }, { $limit: 1, }, { $project: { _id: 1, name: 1, slug: 1, description: 1, price: 1, comparePrice: 1, costPrice: 1, stock: 1, sku: 1, cjProductId: 1, weight: 1, isActive: 1, isFeatured: 1, tags: 1, metaTitle: 1, metaDescription: 1, createdAt: 1, updatedAt: 1, categoryId: 1, }, }, ])
prisma:query db.Product.insertOne({ name: "Women's Fashion Foreign Trade Wigs, Long Curly Hair, Chemical Fiber Wigs, Rose Net", slug: "cj-1422804580256845824-2147", description: "High quality dropshipping product.", price: 799, costPrice: 533, stock: 50, sku: "CJRT1239292", cjProductId: "1422804580256845824", isActive: true, isFeatured: false, createdAt: DateTime("2026-05-07 8:18:30.274 +00:00:00"), updatedAt: DateTime("2026-05-07 8:18:30.274 +00:00:00"), categoryId: ObjectId("69de2c78db7d8290e1b7202b"), })
prisma:query db.ProductImage.insertOne({ url: "https://cf.cjdropshipping.com/e289ea3b-2abd-4cfb-901d-6ea2c0ac2bf0.jpg", position: 0, productId: ObjectId("69fc4ad66803419487c923c6"), })
prisma:query db.Product.aggregate([ { $match: { $expr: { $and: [ { $and: [ { $eq: [ "$_id", { $literal: ObjectId("69fc4ad66803419487c923c6"), }, ], }, { $ne: [ "$_id", "$$REMOVE", ], }, ], }, ], }, }, }, { $project: { _id: 1, name: 1, slug: 1, description: 1, price: 1, comparePrice: 1, costPrice: 1, stock: 1, sku: 1, cjProductId: 1, weight: 1, isActive: 1, isFeatured: 1, tags: 1, metaTitle: 1, metaDescription: 1, createdAt: 1, updatedAt: 1, categoryId: 1, }, }, ])
prisma:query db.Product.aggregate([ { $match: { $expr: { $and: [ { $eq: [ "$cjProductId", { $literal: "2408220800151617100", }, ], }, { $ne: [ "$cjProductId", "$$REMOVE", ], }, ], }, }, }, { $limit: 1, }, { $project: { _id: 1, name: 1, slug: 1, description: 1, price: 1, comparePrice: 1, costPrice: 1, stock: 1, sku: 1, cjProductId: 1, weight: 1, isActive: 1, isFeatured: 1, tags: 1, metaTitle: 1, metaDescription: 1, createdAt: 1, updatedAt: 1, categoryId: 1, }, }, ])
prisma:query db.Product.insertOne({ name: "Fashion Lace-up Mesh Sneakers Casual  Flying Woven Walking Sports Shoes For Men", slug: "cj-2408220800151617100-9281", description: "High quality dropshipping product.", price: 2110, costPrice: 1406.6, stock: 50, sku: "CJNS2117391", cjProductId: "2408220800151617100", isActive: true, isFeatured: false, createdAt: DateTime("2026-05-07 8:18:30.291 +00:00:00"), updatedAt: DateTime("2026-05-07 8:18:30.291 +00:00:00"), categoryId: ObjectId("69de2c78db7d8290e1b7202b"), })
prisma:query db.ProductImage.insertOne({ url: "https://cf.cjdropshipping.com/quick/product/7718005a-ee48-49c9-9690-4f3d885ed22a.jpg", position: 0, productId: ObjectId("69fc4ad66803419487c923c8"), })
prisma:query db.Product.aggregate([ { $match: { $expr: { $and: [ { $and: [ { $eq: [ "$_id", { $literal: ObjectId("69fc4ad66803419487c923c8"), }, ], }, { $ne: [ "$_id", "$$REMOVE", ], }, ], }, ], }, }, }, { $project: { _id: 1, name: 1, slug: 1, description: 1, price: 1, comparePrice: 1, costPrice: 1, stock: 1, sku: 1, cjProductId: 1, weight: 1, isActive: 1, isFeatured: 1, tags: 1, metaTitle: 1, metaDescription: 1, createdAt: 1, updatedAt: 1, categoryId: 1, }, }, ])
prisma:query db.Product.aggregate([ { $match: { $expr: { $and: [ { $eq: [ "$cjProductId", { $literal: "1902336891719938050", }, ], }, { $ne: [ "$cjProductId", "$$REMOVE", ], }, ], }, }, }, { $limit: 1, }, { $project: { _id: 1, name: 1, slug: 1, description: 1, price: 1, comparePrice: 1, costPrice: 1, stock: 1, sku: 1, cjProductId: 1, weight: 1, isActive: 1, isFeatured: 1, tags: 1, metaTitle: 1, metaDescription: 1, createdAt: 1, updatedAt: 1, categoryId: 1, }, }, ])
prisma:query db.Product.insertOne({ name: "1Parallel World Diamond Ring Luxury Fashion Set Moissanite Silver Ring Prohibit Tk Sales", slug: "cj-1902336891719938050-2888", description: "High quality dropshipping product.", price: 7781, costPrice: 5187, stock: 50, sku: "CJJE2332045", cjProductId: "1902336891719938050", isActive: true, isFeatured: false, createdAt: DateTime("2026-05-07 8:18:30.309 +00:00:00"), updatedAt: DateTime("2026-05-07 8:18:30.309 +00:00:00"), categoryId: ObjectId("69de2c78db7d8290e1b7202b"), })
prisma:query db.ProductImage.insertOne({ url: "https://cf.cjdropshipping.com/5b041fd0-d6ec-4d85-b95e-adba29eacf16.JPG", position: 0, productId: ObjectId("69fc4ad66803419487c923ca"), })
prisma:query db.Product.aggregate([ { $match: { $expr: { $and: [ { $and: [ { $eq: [ "$_id", { $literal: ObjectId("69fc4ad66803419487c923ca"), }, ], }, { $ne: [ "$_id", "$$REMOVE", ], }, ], }, ], }, }, }, { $project: { _id: 1, name: 1, slug: 1, description: 1, price: 1, comparePrice: 1, costPrice: 1, stock: 1, sku: 1, cjProductId: 1, weight: 1, isActive: 1, isFeatured: 1, tags: 1, metaTitle: 1, metaDescription: 1, createdAt: 1, updatedAt: 1, categoryId: 1, }, }, ])
prisma:query db.Product.aggregate([ { $match: { $expr: { $and: [ { $eq: [ "$cjProductId", { $literal: "2042506807581253634", }, ], }, { $ne: [ "$cjProductId", "$$REMOVE", ], }, ], }, }, }, { $limit: 1, }, { $project: { _id: 1, name: 1, slug: 1, description: 1, price: 1, comparePrice: 1, costPrice: 1, stock: 1, sku: 1, cjProductId: 1, weight: 1, isActive: 1, isFeatured: 1, tags: 1, metaTitle: 1, metaDescription: 1, createdAt: 1, updatedAt: 1, categoryId: 1, }, }, ])
prisma:query db.Product.insertOne({ name: "Fashion Rhinestone Halter Necklace, Trendy Crystal Body Chain & Bra Chain, Sexy Nightclub Jewelry", slug: "cj-2042506807581253634-6214", description: "High quality dropshipping product.", price: 1420, costPrice: 946.4, stock: 50, sku: "CJLX2827385", cjProductId: "2042506807581253634", isActive: true, isFeatured: false, createdAt: DateTime("2026-05-07 8:18:30.326 +00:00:00"), updatedAt: DateTime("2026-05-07 8:18:30.326 +00:00:00"), categoryId: ObjectId("69de2c78db7d8290e1b7202b"), })
prisma:query db.ProductImage.insertOne({ url: "https://cf.cjdropshipping.com/d977a6ab-bb5b-44a2-92f3-e13cd0a0830f.jpg", position: 0, productId: ObjectId("69fc4ad66803419487c923cc"), })
prisma:query db.Product.aggregate([ { $match: { $expr: { $and: [ { $and: [ { $eq: [ "$_id", { $literal: ObjectId("69fc4ad66803419487c923cc"), }, ], }, { $ne: [ "$_id", "$$REMOVE", ], }, ], }, ], }, }, }, { $project: { _id: 1, name: 1, slug: 1, description: 1, price: 1, comparePrice: 1, costPrice: 1, stock: 1, sku: 1, cjProductId: 1, weight: 1, isActive: 1, isFeatured: 1, tags: 1, metaTitle: 1, metaDescription: 1, createdAt: 1, updatedAt: 1, categoryId: 1, }, }, ])
prisma:query db.Product.aggregate([ { $match: { $expr: { $and: [ { $eq: [ "$cjProductId", { $literal: "2411230725561609000", }, ], }, { $ne: [ "$cjProductId", "$$REMOVE", ], }, ], }, }, }, { $limit: 1, }, { $project: { _id: 1, name: 1, slug: 1, description: 1, price: 1, comparePrice: 1, costPrice: 1, stock: 1, sku: 1, cjProductId: 1, weight: 1, isActive: 1, isFeatured: 1, tags: 1, metaTitle: 1, metaDescription: 1, createdAt: 1, updatedAt: 1, categoryId: 1, }, }, ])
prisma:query db.Product.insertOne({ name: "Women's Temu Fall Winter Fashion Long Sleeve Small Suit Outfit Three-piece Suit", slug: "cj-2411230725561609000-336", description: "High quality dropshipping product.", price: 2652, costPrice: 1768, stock: 50, sku: "CJYD2221858", cjProductId: "2411230725561609000", isActive: true, isFeatured: false, createdAt: DateTime("2026-05-07 8:18:30.344 +00:00:00"), updatedAt: DateTime("2026-05-07 8:18:30.344 +00:00:00"), categoryId: ObjectId("69de2c78db7d8290e1b7202b"), })
prisma:query db.ProductImage.insertOne({ url: "https://cf.cjdropshipping.com/quick/product/cbb3aecc-560b-44f0-ad41-300caccde213.jpg", position: 0, productId: ObjectId("69fc4ad66803419487c923ce"), })
prisma:query db.Product.aggregate([ { $match: { $expr: { $and: [ { $and: [ { $eq: [ "$_id", { $literal: ObjectId("69fc4ad66803419487c923ce"), }, ], }, { $ne: [ "$_id", "$$REMOVE", ], }, ], }, ], }, }, }, { $project: { _id: 1, name: 1, slug: 1, description: 1, price: 1, comparePrice: 1, costPrice: 1, stock: 1, sku: 1, cjProductId: 1, weight: 1, isActive: 1, isFeatured: 1, tags: 1, metaTitle: 1, metaDescription: 1, createdAt: 1, updatedAt: 1, categoryId: 1, }, }, ])
prisma:query db.Product.aggregate([ { $match: { $expr: { $and: [ { $eq: [ "$cjProductId", { $literal: "1675765978426249216", }, ], }, { $ne: [ "$cjProductId", "$$REMOVE", ], }, ], }, }, }, { $limit: 1, }, { $project: { _id: 1, name: 1, slug: 1, description: 1, price: 1, comparePrice: 1, costPrice: 1, stock: 1, sku: 1, cjProductId: 1, weight: 1, isActive: 1, isFeatured: 1, tags: 1, metaTitle: 1, metaDescription: 1, createdAt: 1, updatedAt: 1, categoryId: 1, }, }, ])
prisma:query db.Product.insertOne({ name: "Spaghetti Strap Shorts Jumpsuit Sports Yoga Workout Tight Romper Women Fashion Fitness Sportwear", slug: "cj-1675765978426249216-7839", description: "High quality dropshipping product.", price: 630, costPrice: 419.9, stock: 50, sku: "CJDK1792117", cjProductId: "1675765978426249216", isActive: true, isFeatured: false, createdAt: DateTime("2026-05-07 8:18:30.36 +00:00:00"), updatedAt: DateTime("2026-05-07 8:18:30.36 +00:00:00"), categoryId: ObjectId("69de2c78db7d8290e1b7202b"), })
prisma:query db.ProductImage.insertOne({ url: "https://cf.cjdropshipping.com/e5fabf25-b943-4cab-b172-9abaf14a1c18.jpg", position: 0, productId: ObjectId("69fc4ad66803419487c923d0"), })
prisma:query db.Product.aggregate([ { $match: { $expr: { $and: [ { $and: [ { $eq: [ "$_id", { $literal: ObjectId("69fc4ad66803419487c923d0"), }, ], }, { $ne: [ "$_id", "$$REMOVE", ], }, ], }, ], }, }, }, { $project: { _id: 1, name: 1, slug: 1, description: 1, price: 1, comparePrice: 1, costPrice: 1, stock: 1, sku: 1, cjProductId: 1, weight: 1, isActive: 1, isFeatured: 1, tags: 1, metaTitle: 1, metaDescription: 1, createdAt: 1, updatedAt: 1, categoryId: 1, }, }, ])
prisma:query db.Product.aggregate([ { $match: { $expr: { $and: [ { $eq: [ "$cjProductId", { $literal: "2504120945031621800", }, ], }, { $ne: [ "$cjProductId", "$$REMOVE", ], }, ], }, }, }, { $limit: 1, }, { $project: { _id: 1, name: 1, slug: 1, description: 1, price: 1, comparePrice: 1, costPrice: 1, stock: 1, sku: 1, cjProductId: 1, weight: 1, isActive: 1, isFeatured: 1, tags: 1, metaTitle: 1, metaDescription: 1, createdAt: 1, updatedAt: 1, categoryId: 1, }, }, ])
prisma:query db.Product.insertOne({ name: "Mesh Flats Shoes Fashion Breathable Non-slip Soft Bottom Casual Shoes For Women", slug: "cj-2504120945031621800-4642", description: "High quality dropshipping product.", price: 505, costPrice: 336.7, stock: 50, sku: "CJYD2352359", cjProductId: "2504120945031621800", isActive: true, isFeatured: false, createdAt: DateTime("2026-05-07 8:18:30.375 +00:00:00"), updatedAt: DateTime("2026-05-07 8:18:30.375 +00:00:00"), categoryId: ObjectId("69de2c78db7d8290e1b7202b"), })
prisma:query db.ProductImage.insertOne({ url: "https://oss-cf.cjdropshipping.com/product/2025/08/18/10/a3548e01-7daa-4dab-9822-c26df7ec4619.jpg", position: 0, productId: ObjectId("69fc4ad66803419487c923d2"), })
prisma:query db.Product.aggregate([ { $match: { $expr: { $and: [ { $and: [ { $eq: [ "$_id", { $literal: ObjectId("69fc4ad66803419487c923d2"), }, ], }, { $ne: [ "$_id", "$$REMOVE", ], }, ], }, ], }, }, }, { $project: { _id: 1, name: 1, slug: 1, description: 1, price: 1, comparePrice: 1, costPrice: 1, stock: 1, sku: 1, cjProductId: 1, weight: 1, isActive: 1, isFeatured: 1, tags: 1, metaTitle: 1, metaDescription: 1, createdAt: 1, updatedAt: 1, categoryId: 1, }, }, ])
prisma:query db.Product.aggregate([ { $match: { $expr: { $and: [ { $eq: [ "$cjProductId", { $literal: "1795705743799230464", }, ], }, { $ne: [ "$cjProductId", "$$REMOVE", ], }, ], }, }, }, { $limit: 1, }, { $project: { _id: 1, name: 1, slug: 1, description: 1, price: 1, comparePrice: 1, costPrice: 1, stock: 1, sku: 1, cjProductId: 1, weight: 1, isActive: 1, isFeatured: 1, tags: 1, metaTitle: 1, metaDescription: 1, createdAt: 1, updatedAt: 1, categoryId: 1, }, }, ])
prisma:query db.Product.insertOne({ name: "S925 Silver Light Luxury Advanced Pigeon Blood Red Colored Gems Garland Ring Fashion Design", slug: "cj-1795705743799230464-4908", description: "High quality dropshipping product.", price: 1205, costPrice: 803.4, stock: 50, sku: "CJLX2048643", cjProductId: "1795705743799230464", isActive: true, isFeatured: false, createdAt: DateTime("2026-05-07 8:18:30.392 +00:00:00"), updatedAt: DateTime("2026-05-07 8:18:30.392 +00:00:00"), categoryId: ObjectId("69de2c78db7d8290e1b7202b"), })
prisma:query db.ProductImage.insertOne({ url: "https://cf.cjdropshipping.com/quick/product/239dc31c-b593-46b6-a68f-2c18f0b17a10.jpg", position: 0, productId: ObjectId("69fc4ad66803419487c923d4"), })
prisma:query db.Product.aggregate([ { $match: { $expr: { $and: [ { $and: [ { $eq: [ "$_id", { $literal: ObjectId("69fc4ad66803419487c923d4"), }, ], }, { $ne: [ "$_id", "$$REMOVE", ], }, ], }, ], }, }, }, { $project: { _id: 1, name: 1, slug: 1, description: 1, price: 1, comparePrice: 1, costPrice: 1, stock: 1, sku: 1, cjProductId: 1, weight: 1, isActive: 1, isFeatured: 1, tags: 1, metaTitle: 1, metaDescription: 1, createdAt: 1, updatedAt: 1, categoryId: 1, }, }, ])
prisma:query db.Product.aggregate([ { $match: { $expr: { $and: [ { $eq: [ "$cjProductId", { $literal: "2406260709251609300", }, ], }, { $ne: [ "$cjProductId", "$$REMOVE", ], }, ], }, }, }, { $limit: 1, }, { $project: { _id: 1, name: 1, slug: 1, description: 1, price: 1, comparePrice: 1, costPrice: 1, stock: 1, sku: 1, cjProductId: 1, weight: 1, isActive: 1, isFeatured: 1, tags: 1, metaTitle: 1, metaDescription: 1, createdAt: 1, updatedAt: 1, categoryId: 1, }, }, ])
prisma:query db.Product.insertOne({ name: "Women's PP Grass Imitation Woven Flip Flops Fashion Outerwear Wedge Beach Flip-flops Sandals", slug: "cj-2406260709251609300-6483", description: "High quality dropshipping product.", price: 279, costPrice: 185.9, stock: 50, sku: "CJYD2069204", cjProductId: "2406260709251609300", isActive: true, isFeatured: false, createdAt: DateTime("2026-05-07 8:18:30.411 +00:00:00"), updatedAt: DateTime("2026-05-07 8:18:30.411 +00:00:00"), categoryId: ObjectId("69de2c78db7d8290e1b7202b"), })
prisma:query db.ProductImage.insertOne({ url: "https://cf.cjdropshipping.com/quick/product/a634744b-2a0b-42ea-a060-b895453d5634.jpg", position: 0, productId: ObjectId("69fc4ad66803419487c923d6"), })
prisma:query db.Product.aggregate([ { $match: { $expr: { $and: [ { $and: [ { $eq: [ "$_id", { $literal: ObjectId("69fc4ad66803419487c923d6"), }, ], }, { $ne: [ "$_id", "$$REMOVE", ], }, ], }, ], }, }, }, { $project: { _id: 1, name: 1, slug: 1, description: 1, price: 1, comparePrice: 1, costPrice: 1, stock: 1, sku: 1, cjProductId: 1, weight: 1, isActive: 1, isFeatured: 1, tags: 1, metaTitle: 1, metaDescription: 1, createdAt: 1, updatedAt: 1, categoryId: 1, }, }, ])
prisma:query db.Product.aggregate([ { $match: { $expr: { $and: [ { $eq: [ "$cjProductId", { $literal: "2027573120761909250", }, ], }, { $ne: [ "$cjProductId", "$$REMOVE", ], }, ], }, }, }, { $limit: 1, }, { $project: { _id: 1, name: 1, slug: 1, description: 1, price: 1, comparePrice: 1, costPrice: 1, stock: 1, sku: 1, cjProductId: 1, weight: 1, isActive: 1, isFeatured: 1, tags: 1, metaTitle: 1, metaDescription: 1, createdAt: 1, updatedAt: 1, categoryId: 1, }, }, ])
prisma:query db.Product.insertOne({ name: "1pc Butterfly Pearl Open Ring, Elegant Index Finger Ring, Fashion All-Match Ring Accessory", slug: "cj-2027573120761909250-7855", description: "High quality dropshipping product.", price: 558, costPrice: 371.8, stock: 50, sku: "CJLX2770022", cjProductId: "2027573120761909250", isActive: true, isFeatured: false, createdAt: DateTime("2026-05-07 8:18:30.427 +00:00:00"), updatedAt: DateTime("2026-05-07 8:18:30.427 +00:00:00"), categoryId: ObjectId("69de2c78db7d8290e1b7202b"), })
prisma:query db.ProductImage.insertOne({ url: "https://cf.cjdropshipping.com/0aba207a-1e35-486f-a6f9-0eb263108926.jpg", position: 0, productId: ObjectId("69fc4ad66803419487c923d8"), })
prisma:query db.Product.aggregate([ { $match: { $expr: { $and: [ { $and: [ { $eq: [ "$_id", { $literal: ObjectId("69fc4ad66803419487c923d8"), }, ], }, { $ne: [ "$_id", "$$REMOVE", ], }, ], }, ], }, }, }, { $project: { _id: 1, name: 1, slug: 1, description: 1, price: 1, comparePrice: 1, costPrice: 1, stock: 1, sku: 1, cjProductId: 1, weight: 1, isActive: 1, isFeatured: 1, tags: 1, metaTitle: 1, metaDescription: 1, createdAt: 1, updatedAt: 1, categoryId: 1, }, }, ])
prisma:query db.Product.aggregate([ { $match: { $expr: { $and: [ { $eq: [ "$cjProductId", { $literal: "2504230739471629300", }, ], }, { $ne: [ "$cjProductId", "$$REMOVE", ], }, ], }, }, }, { $limit: 1, }, { $project: { _id: 1, name: 1, slug: 1, description: 1, price: 1, comparePrice: 1, costPrice: 1, stock: 1, sku: 1, cjProductId: 1, weight: 1, isActive: 1, isFeatured: 1, tags: 1, metaTitle: 1, metaDescription: 1, createdAt: 1, updatedAt: 1, categoryId: 1, }, }, ])
prisma:query db.Product.insertOne({ name: "Foreign Trade Automobile English Beast Personality Creative Fashion Cool English Body Glass Decorative Sticker", slug: "cj-2504230739471629300-4519", description: "High quality dropshipping product.", price: 129, costPrice: 85.8, stock: 50, sku: "CJQT2360725", cjProductId: "2504230739471629300", isActive: true, isFeatured: false, createdAt: DateTime("2026-05-07 8:18:30.444 +00:00:00"), updatedAt: DateTime("2026-05-07 8:18:30.444 +00:00:00"), categoryId: ObjectId("69de2c78db7d8290e1b7202b"), })
prisma:query db.ProductImage.insertOne({ url: "https://oss-cf.cjdropshipping.com/product/2025/04/23/12/14784e46-eadb-4ebc-b74d-97044ec0a288.jpg", position: 0, productId: ObjectId("69fc4ad66803419487c923da"), })
prisma:query db.Product.aggregate([ { $match: { $expr: { $and: [ { $and: [ { $eq: [ "$_id", { $literal: ObjectId("69fc4ad66803419487c923da"), }, ], }, { $ne: [ "$_id", "$$REMOVE", ], }, ], }, ], }, }, }, { $project: { _id: 1, name: 1, slug: 1, description: 1, price: 1, comparePrice: 1, costPrice: 1, stock: 1, sku: 1, cjProductId: 1, weight: 1, isActive: 1, isFeatured: 1, tags: 1, metaTitle: 1, metaDescription: 1, createdAt: 1, updatedAt: 1, categoryId: 1, }, }, ])
prisma:query db.Product.aggregate([ { $match: { $expr: { $and: [ { $eq: [ "$cjProductId", { $literal: "1800176041315946496", }, ], }, { $ne: [ "$cjProductId", "$$REMOVE", ], }, ], }, }, }, { $limit: 1, }, { $project: { _id: 1, name: 1, slug: 1, description: 1, price: 1, comparePrice: 1, costPrice: 1, stock: 1, sku: 1, cjProductId: 1, weight: 1, isActive: 1, isFeatured: 1, tags: 1, metaTitle: 1, metaDescription: 1, createdAt: 1, updatedAt: 1, categoryId: 1, }, }, ])
prisma:query db.Product.insertOne({ name: "New Hollow Star Necklace With Rhinestones Summer Simple Fashion Pendant Clavicle Chain Women's Jewelry", slug: "cj-1800176041315946496-7066", description: "High quality dropshipping product.", price: 283, costPrice: 188.5, stock: 50, sku: "CJLX2057426", cjProductId: "1800176041315946496", isActive: true, isFeatured: false, createdAt: DateTime("2026-05-07 8:18:30.461 +00:00:00"), updatedAt: DateTime("2026-05-07 8:18:30.461 +00:00:00"), categoryId: ObjectId("69de2c78db7d8290e1b7202b"), })
prisma:query db.ProductImage.insertOne({ url: "https://oss-cf.cjdropshipping.com/product/2024/06/12/02/6bd2c217-9705-49dc-ab62-92890c1c7dd5.jpg", position: 0, productId: ObjectId("69fc4ad66803419487c923dc"), })
prisma:query db.Product.aggregate([ { $match: { $expr: { $and: [ { $and: [ { $eq: [ "$_id", { $literal: ObjectId("69fc4ad66803419487c923dc"), }, ], }, { $ne: [ "$_id", "$$REMOVE", ], }, ], }, ], }, }, }, { $project: { _id: 1, name: 1, slug: 1, description: 1, price: 1, comparePrice: 1, costPrice: 1, stock: 1, sku: 1, cjProductId: 1, weight: 1, isActive: 1, isFeatured: 1, tags: 1, metaTitle: 1, metaDescription: 1, createdAt: 1, updatedAt: 1, categoryId: 1, }, }, ])
prisma:query db.Product.aggregate([ { $match: { $expr: { $and: [ { $eq: [ "$cjProductId", { $literal: "1668521057130651648", }, ], }, { $ne: [ "$cjProductId", "$$REMOVE", ], }, ], }, }, }, { $limit: 1, }, { $project: { _id: 1, name: 1, slug: 1, description: 1, price: 1, comparePrice: 1, costPrice: 1, stock: 1, sku: 1, cjProductId: 1, weight: 1, isActive: 1, isFeatured: 1, tags: 1, metaTitle: 1, metaDescription: 1, createdAt: 1, updatedAt: 1, categoryId: 1, }, }, ])
prisma:query db.Product.insertOne({ name: "Men's Platform Open Toe First Layer Cowhide Beach Soft Bottom Fashion Outdoor Casual Shoes", slug: "cj-1668521057130651648-7216", description: "High quality dropshipping product.", price: 1817, costPrice: 1211.6, stock: 50, sku: "CJYD1777780", cjProductId: "1668521057130651648", isActive: true, isFeatured: false, createdAt: DateTime("2026-05-07 8:18:30.477 +00:00:00"), updatedAt: DateTime("2026-05-07 8:18:30.477 +00:00:00"), categoryId: ObjectId("69de2c78db7d8290e1b7202b"), })
prisma:query db.ProductImage.insertOne({ url: "https://oss-cf.cjdropshipping.com/product/2024/05/29/09/7d709c1e-0303-4153-adce-4ad399d9293d.jpg", position: 0, productId: ObjectId("69fc4ad66803419487c923de"), })
prisma:query db.Product.aggregate([ { $match: { $expr: { $and: [ { $and: [ { $eq: [ "$_id", { $literal: ObjectId("69fc4ad66803419487c923de"), }, ], }, { $ne: [ "$_id", "$$REMOVE", ], }, ], }, ], }, }, }, { $project: { _id: 1, name: 1, slug: 1, description: 1, price: 1, comparePrice: 1, costPrice: 1, stock: 1, sku: 1, cjProductId: 1, weight: 1, isActive: 1, isFeatured: 1, tags: 1, metaTitle: 1, metaDescription: 1, createdAt: 1, updatedAt: 1, categoryId: 1, }, }, ])
prisma:query db.Product.aggregate([ { $match: { $expr: { $and: [ { $eq: [ "$cjProductId", { $literal: "2505100817371626600", }, ], }, { $ne: [ "$cjProductId", "$$REMOVE", ], }, ], }, }, }, { $limit: 1, }, { $project: { _id: 1, name: 1, slug: 1, description: 1, price: 1, comparePrice: 1, costPrice: 1, stock: 1, sku: 1, cjProductId: 1, weight: 1, isActive: 1, isFeatured: 1, tags: 1, metaTitle: 1, metaDescription: 1, createdAt: 1, updatedAt: 1, categoryId: 1, }, }, ])
prisma:query db.Product.insertOne({ name: "Fashionable One-word Tie Clip Solid Color Simple Elegant Everyday Fashion Bridegroom Tie Decoration", slug: "cj-2505100817371626600-6102", description: "High quality dropshipping product.", price: 176, costPrice: 117, stock: 50, sku: "CJYD2373041", cjProductId: "2505100817371626600", isActive: true, isFeatured: false, createdAt: DateTime("2026-05-07 8:18:30.493 +00:00:00"), updatedAt: DateTime("2026-05-07 8:18:30.493 +00:00:00"), categoryId: ObjectId("69de2c78db7d8290e1b7202b"), })
prisma:query db.ProductImage.insertOne({ url: "https://cf.cjdropshipping.com/quick/product/99ae1ac5-5e08-4678-b7ab-767b971cd280.jpg", position: 0, productId: ObjectId("69fc4ad66803419487c923e0"), })
prisma:query db.Product.aggregate([ { $match: { $expr: { $and: [ { $and: [ { $eq: [ "$_id", { $literal: ObjectId("69fc4ad66803419487c923e0"), }, ], }, { $ne: [ "$_id", "$$REMOVE", ], }, ], }, ], }, }, }, { $project: { _id: 1, name: 1, slug: 1, description: 1, price: 1, comparePrice: 1, costPrice: 1, stock: 1, sku: 1, cjProductId: 1, weight: 1, isActive: 1, isFeatured: 1, tags: 1, metaTitle: 1, metaDescription: 1, createdAt: 1, updatedAt: 1, categoryId: 1, }, }, ])
prisma:query db.Product.aggregate([ { $match: { $expr: { $and: [ { $eq: [ "$cjProductId", { $literal: "2011349445085249537", }, ], }, { $ne: [ "$cjProductId", "$$REMOVE", ], }, ], }, }, }, { $limit: 1, }, { $project: { _id: 1, name: 1, slug: 1, description: 1, price: 1, comparePrice: 1, costPrice: 1, stock: 1, sku: 1, cjProductId: 1, weight: 1, isActive: 1, isFeatured: 1, tags: 1, metaTitle: 1, metaDescription: 1, createdAt: 1, updatedAt: 1, categoryId: 1, }, }, ])
prisma:query db.Product.insertOne({ name: "Women's Vintage Black Rhinestone Ring Fashion Unique Elegant Adjustable Jewelry For Daily Wear & Gifting", slug: "cj-2011349445085249537-6419", description: "High quality dropshipping product.", price: 328, costPrice: 218.4, stock: 50, sku: "CJLX2729128", cjProductId: "2011349445085249537", isActive: true, isFeatured: false, createdAt: DateTime("2026-05-07 8:18:30.51 +00:00:00"), updatedAt: DateTime("2026-05-07 8:18:30.51 +00:00:00"), categoryId: ObjectId("69de2c78db7d8290e1b7202b"), })
prisma:query db.ProductImage.insertOne({ url: "https://cf.cjdropshipping.com/8c31a573-b230-407e-b5e6-0e65a0966542.JPG", position: 0, productId: ObjectId("69fc4ad66803419487c923e2"), })
prisma:query db.Product.aggregate([ { $match: { $expr: { $and: [ { $and: [ { $eq: [ "$_id", { $literal: ObjectId("69fc4ad66803419487c923e2"), }, ], }, { $ne: [ "$_id", "$$REMOVE", ], }, ], }, ], }, }, }, { $project: { _id: 1, name: 1, slug: 1, description: 1, price: 1, comparePrice: 1, costPrice: 1, stock: 1, sku: 1, cjProductId: 1, weight: 1, isActive: 1, isFeatured: 1, tags: 1, metaTitle: 1, metaDescription: 1, createdAt: 1, updatedAt: 1, categoryId: 1, }, }, ])
prisma:query db.Product.aggregate([ { $match: { $expr: { $and: [ { $eq: [ "$cjProductId", { $literal: "2012412559316246530", }, ], }, { $ne: [ "$cjProductId", "$$REMOVE", ], }, ], }, }, }, { $limit: 1, }, { $project: { _id: 1, name: 1, slug: 1, description: 1, price: 1, comparePrice: 1, costPrice: 1, stock: 1, sku: 1, cjProductId: 1, weight: 1, isActive: 1, isFeatured: 1, tags: 1, metaTitle: 1, metaDescription: 1, createdAt: 1, updatedAt: 1, categoryId: 1, }, }, ])
prisma:query db.Product.insertOne({ name: "Women's Fashion Personality Ring, Creative Minimalist Square Ring, Suitable For Daily Wear, Gifting & Vacation", slug: "cj-2012412559316246530-418", description: "High quality dropshipping product.", price: 328, costPrice: 218.4, stock: 50, sku: "CJLX2732995", cjProductId: "2012412559316246530", isActive: true, isFeatured: false, createdAt: DateTime("2026-05-07 8:18:30.527 +00:00:00"), updatedAt: DateTime("2026-05-07 8:18:30.527 +00:00:00"), categoryId: ObjectId("69de2c78db7d8290e1b7202b"), })
prisma:query db.ProductImage.insertOne({ url: "https://cf.cjdropshipping.com/9207900e-81dd-4106-9cef-5971b5dddf41.jpg", position: 0, productId: ObjectId("69fc4ad66803419487c923e4"), })
prisma:query db.Product.aggregate([ { $match: { $expr: { $and: [ { $and: [ { $eq: [ "$_id", { $literal: ObjectId("69fc4ad66803419487c923e4"), }, ], }, { $ne: [ "$_id", "$$REMOVE", ], }, ], }, ], }, }, }, { $project: { _id: 1, name: 1, slug: 1, description: 1, price: 1, comparePrice: 1, costPrice: 1, stock: 1, sku: 1, cjProductId: 1, weight: 1, isActive: 1, isFeatured: 1, tags: 1, metaTitle: 1, metaDescription: 1, createdAt: 1, updatedAt: 1, categoryId: 1, }, }, ])
prisma:query db.Product.aggregate([ { $match: { $expr: { $and: [ { $eq: [ "$cjProductId", { $literal: "2406120345071619600", }, ], }, { $ne: [ "$cjProductId", "$$REMOVE", ], }, ], }, }, }, { $limit: 1, }, { $project: { _id: 1, name: 1, slug: 1, description: 1, price: 1, comparePrice: 1, costPrice: 1, stock: 1, sku: 1, cjProductId: 1, weight: 1, isActive: 1, isFeatured: 1, tags: 1, metaTitle: 1, metaDescription: 1, createdAt: 1, updatedAt: 1, categoryId: 1, }, }, ])
prisma:query db.Product.insertOne({ name: "European And American Fashion Pure Color Slimming Flab Hiding Push Up Dress Women's Swimsuit", slug: "cj-2406120345071619600-7916", description: "High quality dropshipping product.", price: 1067, costPrice: 711.1, stock: 50, sku: "CJNT2058498", cjProductId: "2406120345071619600", isActive: true, isFeatured: false, createdAt: DateTime("2026-05-07 8:18:30.543 +00:00:00"), updatedAt: DateTime("2026-05-07 8:18:30.543 +00:00:00"), categoryId: ObjectId("69de2c78db7d8290e1b7202b"), })
prisma:query db.ProductImage.insertOne({ url: "https://cf.cjdropshipping.com/quick/product/5e7d6394-bb70-47e6-a2ae-cf87f781390b.jpg", position: 0, productId: ObjectId("69fc4ad66803419487c923e6"), })
prisma:query db.Product.aggregate([ { $match: { $expr: { $and: [ { $and: [ { $eq: [ "$_id", { $literal: ObjectId("69fc4ad66803419487c923e6"), }, ], }, { $ne: [ "$_id", "$$REMOVE", ], }, ], }, ], }, }, }, { $project: { _id: 1, name: 1, slug: 1, description: 1, price: 1, comparePrice: 1, costPrice: 1, stock: 1, sku: 1, cjProductId: 1, weight: 1, isActive: 1, isFeatured: 1, tags: 1, metaTitle: 1, metaDescription: 1, createdAt: 1, updatedAt: 1, categoryId: 1, }, }, ])
prisma:query db.Product.aggregate([ { $match: { $expr: { $and: [ { $eq: [ "$cjProductId", { $literal: "2409020754561621700", }, ], }, { $ne: [ "$cjProductId", "$$REMOVE", ], }, ], }, }, }, { $limit: 1, }, { $project: { _id: 1, name: 1, slug: 1, description: 1, price: 1, comparePrice: 1, costPrice: 1, stock: 1, sku: 1, cjProductId: 1, weight: 1, isActive: 1, isFeatured: 1, tags: 1, metaTitle: 1, metaDescription: 1, createdAt: 1, updatedAt: 1, categoryId: 1, }, }, ])
prisma:query db.Product.insertOne({ name: "Fashion Jewelry European And American Ing Style Diamond Cross Necklace Unique No Color Fading", slug: "cj-2409020754561621700-476", description: "High quality dropshipping product.", price: 322, costPrice: 214.5, stock: 50, sku: "CJLX2126235", cjProductId: "2409020754561621700", isActive: true, isFeatured: false, createdAt: DateTime("2026-05-07 8:18:30.558 +00:00:00"), updatedAt: DateTime("2026-05-07 8:18:30.558 +00:00:00"), categoryId: ObjectId("69de2c78db7d8290e1b7202b"), })
prisma:query db.ProductImage.insertOne({ url: "https://cf.cjdropshipping.com/quick/product/87522355-2ecf-4fbd-9feb-9c37d17308cc.jpg", position: 0, productId: ObjectId("69fc4ad66803419487c923e8"), })
prisma:query db.Product.aggregate([ { $match: { $expr: { $and: [ { $and: [ { $eq: [ "$_id", { $literal: ObjectId("69fc4ad66803419487c923e8"), }, ], }, { $ne: [ "$_id", "$$REMOVE", ], }, ], }, ], }, }, }, { $project: { _id: 1, name: 1, slug: 1, description: 1, price: 1, comparePrice: 1, costPrice: 1, stock: 1, sku: 1, cjProductId: 1, weight: 1, isActive: 1, isFeatured: 1, tags: 1, metaTitle: 1, metaDescription: 1, createdAt: 1, updatedAt: 1, categoryId: 1, }, }, ])
prisma:query db.Product.aggregate([ { $match: { $expr: { $and: [ { $eq: [ "$cjProductId", { $literal: "2501260242301628700", }, ], }, { $ne: [ "$cjProductId", "$$REMOVE", ], }, ], }, }, }, { $limit: 1, }, { $project: { _id: 1, name: 1, slug: 1, description: 1, price: 1, comparePrice: 1, costPrice: 1, stock: 1, sku: 1, cjProductId: 1, weight: 1, isActive: 1, isFeatured: 1, tags: 1, metaTitle: 1, metaDescription: 1, createdAt: 1, updatedAt: 1, categoryId: 1, }, }, ])
prisma:query db.Product.insertOne({ name: "Long Sleeve Wide Leg Pants Fashion Loose High Collar Knit Casual Two-piece Set", slug: "cj-2501260242301628700-6406", description: "High quality dropshipping product.", price: 1552, costPrice: 1034.8, stock: 50, sku: "CJLS2279482", cjProductId: "2501260242301628700", isActive: true, isFeatured: false, createdAt: DateTime("2026-05-07 8:18:30.575 +00:00:00"), updatedAt: DateTime("2026-05-07 8:18:30.575 +00:00:00"), categoryId: ObjectId("69de2c78db7d8290e1b7202b"), })
prisma:query db.ProductImage.insertOne({ url: "https://oss-cf.cjdropshipping.com/product/2025/01/26/02/d7ad6e51-49d9-4b78-a6b5-70239dd4de3f_fine.jpeg", position: 0, productId: ObjectId("69fc4ad66803419487c923ea"), })
prisma:query db.Product.aggregate([ { $match: { $expr: { $and: [ { $and: [ { $eq: [ "$_id", { $literal: ObjectId("69fc4ad66803419487c923ea"), }, ], }, { $ne: [ "$_id", "$$REMOVE", ], }, ], }, ], }, }, }, { $project: { _id: 1, name: 1, slug: 1, description: 1, price: 1, comparePrice: 1, costPrice: 1, stock: 1, sku: 1, cjProductId: 1, weight: 1, isActive: 1, isFeatured: 1, tags: 1, metaTitle: 1, metaDescription: 1, createdAt: 1, updatedAt: 1, categoryId: 1, }, }, ])
prisma:query db.Product.aggregate([ { $match: { $expr: { $and: [ { $eq: [ "$cjProductId", { $literal: "1827623712196546560", }, ], }, { $ne: [ "$cjProductId", "$$REMOVE", ], }, ], }, }, }, { $limit: 1, }, { $project: { _id: 1, name: 1, slug: 1, description: 1, price: 1, comparePrice: 1, costPrice: 1, stock: 1, sku: 1, cjProductId: 1, weight: 1, isActive: 1, isFeatured: 1, tags: 1, metaTitle: 1, metaDescription: 1, createdAt: 1, updatedAt: 1, categoryId: 1, }, }, ])
prisma:query db.Product.insertOne({ name: "Cute Skull Small Round Bag Girls Halloween Personality Fashion Shoulder Bags Women's Crossbody Bag", slug: "cj-1827623712196546560-9700", description: "High quality dropshipping product.", price: 1008, costPrice: 672.1, stock: 50, sku: "CJNS2119830", cjProductId: "1827623712196546560", isActive: true, isFeatured: false, createdAt: DateTime("2026-05-07 8:18:30.591 +00:00:00"), updatedAt: DateTime("2026-05-07 8:18:30.591 +00:00:00"), categoryId: ObjectId("69de2c78db7d8290e1b7202b"), })
prisma:query db.ProductImage.insertOne({ url: "https://oss-cf.cjdropshipping.com/product/2024/08/27/06/6939881e-05d5-44e7-89cf-ed1651f9fd75.jpg", position: 0, productId: ObjectId("69fc4ad66803419487c923ec"), })
prisma:query db.Product.aggregate([ { $match: { $expr: { $and: [ { $and: [ { $eq: [ "$_id", { $literal: ObjectId("69fc4ad66803419487c923ec"), }, ], }, { $ne: [ "$_id", "$$REMOVE", ], }, ], }, ], }, }, }, { $project: { _id: 1, name: 1, slug: 1, description: 1, price: 1, comparePrice: 1, costPrice: 1, stock: 1, sku: 1, cjProductId: 1, weight: 1, isActive: 1, isFeatured: 1, tags: 1, metaTitle: 1, metaDescription: 1, createdAt: 1, updatedAt: 1, categoryId: 1, }, }, ])
prisma:query db.Product.aggregate([ { $match: { $expr: { $and: [ { $eq: [ "$cjProductId", { $literal: "1720985010313891840", }, ], }, { $ne: [ "$cjProductId", "$$REMOVE", ], }, ], }, }, }, { $limit: 1, }, { $project: { _id: 1, name: 1, slug: 1, description: 1, price: 1, comparePrice: 1, costPrice: 1, stock: 1, sku: 1, cjProductId: 1, weight: 1, isActive: 1, isFeatured: 1, tags: 1, metaTitle: 1, metaDescription: 1, createdAt: 1, updatedAt: 1, categoryId: 1, }, }, ])
prisma:query db.Product.insertOne({ name: "Solid Knitted Cardigan With Asymmetrical Scarf Design Fashion Short Coat Women Overcoat Jacket Winter", slug: "cj-1720985010313891840-8139", description: "High quality dropshipping product.", price: 2102, costPrice: 1401.4, stock: 50, sku: "CJYD1888877", cjProductId: "1720985010313891840", isActive: true, isFeatured: false, createdAt: DateTime("2026-05-07 8:18:30.607 +00:00:00"), updatedAt: DateTime("2026-05-07 8:18:30.607 +00:00:00"), categoryId: ObjectId("69de2c78db7d8290e1b7202b"), })
prisma:query db.ProductImage.insertOne({ url: "https://oss-cf.cjdropshipping.com/product/2024/10/14/07/013bdb0a-6185-4660-b929-7258d095f018.jpg", position: 0, productId: ObjectId("69fc4ad66803419487c923ee"), })
prisma:query db.Product.aggregate([ { $match: { $expr: { $and: [ { $and: [ { $eq: [ "$_id", { $literal: ObjectId("69fc4ad66803419487c923ee"), }, ], }, { $ne: [ "$_id", "$$REMOVE", ], }, ], }, ], }, }, }, { $project: { _id: 1, name: 1, slug: 1, description: 1, price: 1, comparePrice: 1, costPrice: 1, stock: 1, sku: 1, cjProductId: 1, weight: 1, isActive: 1, isFeatured: 1, tags: 1, metaTitle: 1, metaDescription: 1, createdAt: 1, updatedAt: 1, categoryId: 1, }, }, ])
Fetching CJ products... Keyword: beauty health makeup
Fetching CJ products... Keyword: watch jewelry accessories
Fetching CJ products... Keyword: gift toys novelty
Fetching CJ products... Keyword: home decor kitchen
 Γ£ô Generating static pages (44/44)
   Finalizing page optimization ...
   Collecting build traces ...

Route (app)                              Size     First Load JS
Γöî ╞Æ /                                    7.59 kB         120 kB
Γö£ Γùï /_not-found                          880 B          88.4 kB
Γö£ ╞Æ /about                               5 kB            101 kB
Γö£ ╞Æ /account                             2.1 kB          107 kB
Γö£ ╞Æ /account/orders                      3.3 kB          113 kB
Γö£ ╞Æ /account/wishlist                    2.06 kB         112 kB
Γö£ ╞Æ /admin                               112 kB          211 kB
Γö£ Γùï /admin/analytics                     2.03 kB        98.2 kB
Γö£ Γùï /admin/banners                       8.61 kB         212 kB
Γö£ Γùï /admin/categories                    28.3 kB         237 kB
Γö£ Γùï /admin/coupons                       8.6 kB          232 kB
Γö£ Γùï /admin/customers                     5.86 kB         155 kB
Γö£ Γùï /admin/orders                        2.76 kB         152 kB
Γö£ ╞Æ /admin/orders/[id]                   8.24 kB         181 kB
Γö£ Γùï /admin/products                      5.83 kB         151 kB
Γö£ ╞Æ /admin/products/[id]                 172 B           210 kB
Γö£ Γùï /admin/products/new                  171 B           210 kB
Γö£ ╞Æ /admin/reviews                       6.35 kB         148 kB
Γö£ Γùï /admin/settings                      8.44 kB         112 kB
Γö£ ╞Æ /api/admin/banners                   0 B                0 B
Γö£ ╞Æ /api/admin/banners/[id]              0 B                0 B
Γö£ ╞Æ /api/admin/banners/[id]/reorder      0 B                0 B
Γö£ ╞Æ /api/admin/categories                0 B                0 B
Γö£ ╞Æ /api/admin/categories/[id]           0 B                0 B
Γö£ ╞Æ /api/admin/coupons                   0 B                0 B
Γö£ ╞Æ /api/admin/coupons/[id]              0 B                0 B
Γö£ ╞Æ /api/admin/customers                 0 B                0 B
Γö£ ╞Æ /api/admin/customers/[id]            0 B                0 B
Γö£ ╞Æ /api/admin/orders                    0 B                0 B
Γö£ ╞Æ /api/admin/orders/[id]               0 B                0 B
Γö£ ╞Æ /api/admin/products                  0 B                0 B
Γö£ ╞Æ /api/admin/products/[id]             0 B                0 B
Γö£ ╞Æ /api/admin/reviews/[id]              0 B                0 B
Γö£ Γùï /api/admin/seed-cj                   0 B                0 B
Γö£ ╞Æ /api/auth/[...nextauth]              0 B                0 B
Γö£ ╞Æ /api/checkout                        0 B                0 B
Γö£ ╞Æ /api/products                        0 B                0 B
Γö£ Γùï /api/promote                         0 B                0 B
Γö£ ╞Æ /api/register                        0 B                0 B
Γö£ ╞Æ /api/webhooks/stripe                 0 B                0 B
Γö£ ╞Æ /categories                          180 B          96.4 kB
Γö£ ╞Æ /checkout                            14.2 kB         129 kB
Γö£ ╞Æ /contact                             5.09 kB         149 kB
Γö£ ╞Æ /faq                                 164 B          87.7 kB
Γö£ ╞Æ /login                               2.75 kB         163 kB
Γö£ ╞Æ /order-success                       8.32 kB         113 kB
Γö£ ╞Æ /privacy-policy                      164 B          87.7 kB
Γö£ ╞Æ /products                            19.2 kB         186 kB
Γö£ ╞Æ /products/[slug]                     9.47 kB         137 kB
Γö£ ╞Æ /refund-policy                       164 B          87.7 kB
Γö£ ╞Æ /register                            2.41 kB         159 kB
Γö£ ╞Æ /shipping-policy                     164 B          87.7 kB
Γöö ╞Æ /terms                               164 B          87.7 kB
+ First Load JS shared by all            87.5 kB
  Γö£ chunks/2117-53a0c3fca52bfb1a.js      31.9 kB
  Γö£ chunks/fd9d1056-aec7e281bb960ed4.js  53.6 kB
  Γöö other shared chunks (total)          1.97 kB


╞Æ Middleware                             78.8 kB

Γùï  (Static)   prerendered as static content
╞Æ  (Dynamic)  server-rendered on demand

