
> nairobimart@0.1.0 build
> next build

  Γû▓ Next.js 14.2.35
  - Environments: .env.local, .env

   Creating an optimized production build ...
 Γ£ô Compiled successfully
   Linting and checking validity of types ...
node.exe : 
At line:1 char:1
+ & "C:\xampp\htdocs\FOOTBA
LL_HUB_PRO/node.exe" 
"C:\xampp\htdocs\FOOTBA ...
+ ~~~~~~~~~~~~~~~~~~~~~~~~~
~~~~~~~~~~~~~~~~~~~~~~~~~~~
~~~~~~~~~~~~~~~~~
    + CategoryInfo         
     : NotSpecified: (:St  
  ring) [], RemoteExcept   
 ion
    + FullyQualifiedErrorI 
   d : NativeCommandError
 
Failed to compile.

./app/api/admin/categories/
[id]/route.ts
12:42  Error: Unexpected 
any. Specify a different 
type.  @typescript-eslint/n
o-explicit-any
60:42  Error: Unexpected 
any. Specify a different 
type.  @typescript-eslint/n
o-explicit-any

./app/api/admin/coupons/[id
]/route.ts
12:42  Error: Unexpected 
any. Specify a different 
type.  @typescript-eslint/n
o-explicit-any
46:42  Error: Unexpected 
any. Specify a different 
type.  @typescript-eslint/n
o-explicit-any

./app/api/admin/customers/r
oute.ts
30:29  Error: Unexpected 
any. Specify a different 
type.  @typescript-eslint/n
o-explicit-any

./app/api/admin/orders/rout
e.ts
27:29  Error: Unexpected 
any. Specify a different 
type.  @typescript-eslint/n
o-explicit-any

./app/api/admin/products/ro
ute.ts
23:33  Error: Unexpected 
any. Specify a different 
type.  @typescript-eslint/n
o-explicit-any
32:52  Error: Unexpected 
any. Specify a different 
type.  @typescript-eslint/n
o-explicit-any

./app/api/admin/reviews/[id
]/route.ts
40:42  Error: Unexpected 
any. Specify a different 
type.  @typescript-eslint/n
o-explicit-any

info  - Need to disable 
some ESLint rules? Learn 
more here: https://nextjs.o
rg/docs/basic-features/esli
nt#disabling-rules
