src/components/ui/button.tsx(52,5): error TS17004: Cannot use JSX unless the '--jsx' flag is provided.
